Archive member included to satisfy reference by file (symbol)

/workspaces/Codespaces_Arduino_Bridge/build/sketches/demo_upload_validation/core/core.a(SERCOM.cpp.o)
                              /workspaces/Codespaces_Arduino_Bridge/build/sketches/demo_upload_validation/core/variant.cpp.o (SERCOM::SERCOM(Sercom*))
/workspaces/Codespaces_Arduino_Bridge/build/sketches/demo_upload_validation/core/core.a(Uart.cpp.o)
                              /workspaces/Codespaces_Arduino_Bridge/build/sketches/demo_upload_validation/sketch/demo_upload_validation.ino.cpp.o (Uart::begin(unsigned long))
/workspaces/Codespaces_Arduino_Bridge/build/sketches/demo_upload_validation/core/core.a(Common.cpp.o)
                              /workspaces/Codespaces_Arduino_Bridge/build/sketches/demo_upload_validation/libraries/Servo/samd/Servo.cpp.o (map(long, long, long, long, long))
/workspaces/Codespaces_Arduino_Bridge/build/sketches/demo_upload_validation/core/core.a(Print.cpp.o)
                              /workspaces/Codespaces_Arduino_Bridge/build/sketches/demo_upload_validation/core/core.a(Uart.cpp.o) (arduino::Print::write(unsigned char const*, unsigned int))
/workspaces/Codespaces_Arduino_Bridge/build/sketches/demo_upload_validation/core/core.a(cortex_handlers.c.o)
                              (Reset_Handler)
/workspaces/Codespaces_Arduino_Bridge/build/sketches/demo_upload_validation/core/core.a(delay.c.o)
                              /workspaces/Codespaces_Arduino_Bridge/build/sketches/demo_upload_validation/sketch/demo_upload_validation.ino.cpp.o (millis)
/workspaces/Codespaces_Arduino_Bridge/build/sketches/demo_upload_validation/core/core.a(hooks.c.o)
                              /workspaces/Codespaces_Arduino_Bridge/build/sketches/demo_upload_validation/core/core.a(delay.c.o) (yield)
/workspaces/Codespaces_Arduino_Bridge/build/sketches/demo_upload_validation/core/core.a(main.cpp.o)
                              /home/node/.arduino15/packages/arduino/tools/arm-none-eabi-gcc/7-2017q4/bin/../lib/gcc/arm-none-eabi/7.2.1/../../../../arm-none-eabi/lib/thumb/v6-m/crt0.o (main)
/workspaces/Codespaces_Arduino_Bridge/build/sketches/demo_upload_validation/core/core.a(startup.c.o)
                              /workspaces/Codespaces_Arduino_Bridge/build/sketches/demo_upload_validation/core/core.a(cortex_handlers.c.o) (SystemInit)
/workspaces/Codespaces_Arduino_Bridge/build/sketches/demo_upload_validation/core/core.a(wiring.c.o)
                              /workspaces/Codespaces_Arduino_Bridge/build/sketches/demo_upload_validation/core/core.a(main.cpp.o) (init)
/workspaces/Codespaces_Arduino_Bridge/build/sketches/demo_upload_validation/core/core.a(wiring_analog.c.o)
                              /workspaces/Codespaces_Arduino_Bridge/build/sketches/demo_upload_validation/core/core.a(wiring.c.o) (analogReference)
/workspaces/Codespaces_Arduino_Bridge/build/sketches/demo_upload_validation/core/core.a(wiring_digital.c.o)
                              /workspaces/Codespaces_Arduino_Bridge/build/sketches/demo_upload_validation/sketch/demo_upload_validation.ino.cpp.o (pinMode)
/workspaces/Codespaces_Arduino_Bridge/build/sketches/demo_upload_validation/core/core.a(wiring_private.c.o)
                              /workspaces/Codespaces_Arduino_Bridge/build/sketches/demo_upload_validation/core/core.a(Uart.cpp.o) (pinPeripheral)
/workspaces/Codespaces_Arduino_Bridge/build/sketches/demo_upload_validation/core/core.a(Reset.cpp.o)
                              /workspaces/Codespaces_Arduino_Bridge/build/sketches/demo_upload_validation/core/core.a(delay.c.o) (tickReset)
/workspaces/Codespaces_Arduino_Bridge/build/sketches/demo_upload_validation/core/core.a(USBCore.cpp.o)
                              /workspaces/Codespaces_Arduino_Bridge/build/sketches/demo_upload_validation/core/core.a(main.cpp.o) (USBDeviceClass::attach())
/workspaces/Codespaces_Arduino_Bridge/build/sketches/demo_upload_validation/core/core.a(abi.cpp.o)
                              /workspaces/Codespaces_Arduino_Bridge/build/sketches/demo_upload_validation/core/core.a(Print.cpp.o) (__cxa_pure_virtual)
/workspaces/Codespaces_Arduino_Bridge/build/sketches/demo_upload_validation/core/core.a(PluggableUSB.cpp.o)
                              /workspaces/Codespaces_Arduino_Bridge/build/sketches/demo_upload_validation/core/core.a(USBCore.cpp.o) (arduino::PluggableUSB_::getInterface(unsigned char*))
/workspaces/Codespaces_Arduino_Bridge/build/sketches/demo_upload_validation/core/core.a(new.cpp.o)
                              /workspaces/Codespaces_Arduino_Bridge/build/sketches/demo_upload_validation/core/core.a(USBCore.cpp.o) (operator new(unsigned int))
/workspaces/Codespaces_Arduino_Bridge/build/sketches/demo_upload_validation/core/core.a(CDC.cpp.o)
                              /workspaces/Codespaces_Arduino_Bridge/build/sketches/demo_upload_validation/core/core.a(USBCore.cpp.o) (Serial_::begin(unsigned long))
[...]
Memory Configuration

Name             Origin             Length             Attributes
FLASH            0x0000000000004000 0x000000000003c000 xr
RAM              0x0000000020000000 0x0000000000008000 xrw
*default*        0x0000000000000000 0xffffffffffffffff

Linker script and memory map

LOAD /home/node/.arduino15/packages/arduino/tools/arm-none-eabi-gcc/7-2017q4/bin/../lib/gcc/arm-none-eabi/7.2.1/thumb/v6-m/crti.o
LOAD /home/node/.arduino15/packages/arduino/tools/arm-none-eabi-gcc/7-2017q4/bin/../lib/gcc/arm-none-eabi/7.2.1/thumb/v6-m/crtbegin.o
LOAD /home/node/.arduino15/packages/arduino/tools/arm-none-eabi-gcc/7-2017q4/bin/../lib/gcc/arm-none-eabi/7.2.1/../../../../arm-none-eabi/lib/thumb/v6-m/crt0.o
LOAD /workspaces/Codespaces_Arduino_Bridge/build/sketches/demo_upload_validation/sketch/demo_upload_validation.ino.cpp.o
LOAD /workspaces/Codespaces_Arduino_Bridge/build/sketches/demo_upload_validation/libraries/Servo/avr/Servo.cpp.o
LOAD /workspaces/Codespaces_Arduino_Bridge/build/sketches/demo_upload_validation/libraries/Servo/esp32/Servo.cpp.o
LOAD /workspaces/Codespaces_Arduino_Bridge/build/sketches/demo_upload_validation/libraries/Servo/mbed/Servo.cpp.o
LOAD /workspaces/Codespaces_Arduino_Bridge/build/sketches/demo_upload_validation/libraries/Servo/megaavr/Servo.cpp.o
LOAD /workspaces/Codespaces_Arduino_Bridge/build/sketches/demo_upload_validation/libraries/Servo/nrf52/Servo.cpp.o
LOAD /workspaces/Codespaces_Arduino_Bridge/build/sketches/demo_upload_validation/libraries/Servo/renesas/Servo.cpp.o
LOAD /workspaces/Codespaces_Arduino_Bridge/build/sketches/demo_upload_validation/libraries/Servo/sam/Servo.cpp.o
LOAD /workspaces/Codespaces_Arduino_Bridge/build/sketches/demo_upload_validation/libraries/Servo/samd/Servo.cpp.o
LOAD /workspaces/Codespaces_Arduino_Bridge/build/sketches/demo_upload_validation/libraries/Servo/stm32f4/Servo.cpp.o
LOAD /workspaces/Codespaces_Arduino_Bridge/build/sketches/demo_upload_validation/libraries/Servo/xmc/Servo.cpp.o
LOAD /workspaces/Codespaces_Arduino_Bridge/build/sketches/demo_upload_validation/libraries/Servo/zephyr/Servo.cpp.o
LOAD /workspaces/Codespaces_Arduino_Bridge/build/sketches/demo_upload_validation/core/variant.cpp.o
START GROUP
LOAD /home/node/.arduino15/packages/arduino/tools/CMSIS/4.5.0/CMSIS/Lib/GCC//libarm_cortexM0l_math.a
LOAD /workspaces/Codespaces_Arduino_Bridge/build/sketches/demo_upload_validation/core/core.a
END GROUP
LOAD /home/node/.arduino15/packages/arduino/tools/arm-none-eabi-gcc/7-2017q4/bin/../lib/gcc/arm-none-eabi/7.2.1/../../../../arm-none-eabi/lib/thumb/v6-m/libstdc++_nano.a
LOAD /home/node/.arduino15/packages/arduino/tools/arm-none-eabi-gcc/7-2017q4/bin/../lib/gcc/arm-none-eabi/7.2.1/../../../../arm-none-eabi/lib/thumb/v6-m/libm.a
START GROUP
LOAD /home/node/.arduino15/packages/arduino/tools/arm-none-eabi-gcc/7-2017q4/bin/../lib/gcc/arm-none-eabi/7.2.1/thumb/v6-m/libgcc.a
LOAD /home/node/.arduino15/packages/arduino/tools/arm-none-eabi-gcc/7-2017q4/bin/../lib/gcc/arm-none-eabi/7.2.1/../../../../arm-none-eabi/lib/thumb/v6-m/libc_nano.a
END GROUP
START GROUP
LOAD /home/node/.arduino15/packages/arduino/tools/arm-none-eabi-gcc/7-2017q4/bin/../lib/gcc/arm-none-eabi/7.2.1/thumb/v6-m/libgcc.a
LOAD /home/node/.arduino15/packages/arduino/tools/arm-none-eabi-gcc/7-2017q4/bin/../lib/gcc/arm-none-eabi/7.2.1/../../../../arm-none-eabi/lib/thumb/v6-m/libc_nano.a
LOAD /home/node/.arduino15/packages/arduino/tools/arm-none-eabi-gcc/7-2017q4/bin/../lib/gcc/arm-none-eabi/7.2.1/../../../../arm-none-eabi/lib/thumb/v6-m/libnosys.a
END GROUP
START GROUP
LOAD /home/node/.arduino15/packages/arduino/tools/arm-none-eabi-gcc/7-2017q4/bin/../lib/gcc/arm-none-eabi/7.2.1/thumb/v6-m/libgcc.a
LOAD /home/node/.arduino15/packages/arduino/tools/arm-none-eabi-gcc/7-2017q4/bin/../lib/gcc/arm-none-eabi/7.2.1/../../../../arm-none-eabi/lib/thumb/v6-m/libc_nano.a
LOAD /home/node/.arduino15/packages/arduino/tools/arm-none-eabi-gcc/7-2017q4/bin/../lib/gcc/arm-none-eabi/7.2.1/../../../../arm-none-eabi/lib/thumb/v6-m/libnosys.a
END GROUP
LOAD /home/node/.arduino15/packages/arduino/tools/arm-none-eabi-gcc/7-2017q4/bin/../lib/gcc/arm-none-eabi/7.2.1/thumb/v6-m/crtend.o
LOAD /home/node/.arduino15/packages/arduino/tools/arm-none-eabi-gcc/7-2017q4/bin/../lib/gcc/arm-none-eabi/7.2.1/thumb/v6-m/crtn.o

.text           0x0000000000004000     0x3788
                0x0000000000004000                __text_start__ = .
 *(.sketch_boot)
                0x0000000000004000                . = ALIGN (0x4000)
 *(.isr_vector)
 .isr_vector    0x0000000000004000       0xb4 /workspaces/Codespaces_Arduino_Bridge/build/sketches/demo_upload_validation/core/core.a(cortex_handlers.c.o)
                0x0000000000004000                exception_table
 *(.text*)
 .text          0x00000000000040b4       0x48 /home/node/.arduino15/packages/arduino/tools/arm-none-eabi-gcc/7-2017q4/bin/../lib/gcc/arm-none-eabi/7.2.1/thumb/v6-m/crtbegin.o
 .text._Z11printBannerv
                0x00000000000040fc       0x94 /workspaces/Codespaces_Arduino_Bridge/build/sketches/demo_upload_validation/sketch/demo_upload_validation.ino.cpp.o
                0x00000000000040fc                printBanner()
 .text.loop     0x0000000000004190      0x154 /workspaces/Codespaces_Arduino_Bridge/build/sketches/demo_upload_validation/sketch/demo_upload_validation.ino.cpp.o
                0x0000000000004190                loop
 .text.startup._GLOBAL__sub_I_testServo
                0x00000000000042e4       0x10 /workspaces/Codespaces_Arduino_Bridge/build/sketches/demo_upload_validation/sketch/demo_upload_validation.ino.cpp.o
 .text.setup    0x00000000000042f4       0x64 /workspaces/Codespaces_Arduino_Bridge/build/sketches/demo_upload_validation/sketch/demo_upload_validation.ino.cpp.o
                0x00000000000042f4                setup
 .text._Z13Servo_Handler18timer16_Sequence_tP2Tchh
                0x0000000000004358      0x120 /workspaces/Codespaces_Arduino_Bridge/build/sketches/demo_upload_validation/libraries/Servo/samd/Servo.cpp.o
                0x0000000000004358                Servo_Handler(timer16_Sequence_t, Tc*, unsigned char, unsigned char)
 .text.TC4_Handler
                0x0000000000004478       0x14 /workspaces/Codespaces_Arduino_Bridge/build/sketches/demo_upload_validation/libraries/Servo/samd/Servo.cpp.o
                0x0000000000004478                TC4_Handler
 .text._ZN5ServoC2Ev
                0x000000000000448c       0x48 /workspaces/Codespaces_Arduino_Bridge/build/sketches/demo_upload_validation/libraries/Servo/samd/Servo.cpp.o
                0x000000000000448c                Servo::Servo()
                0x000000000000448c                Servo::Servo()
 .text._ZN5Servo6attachEiii
                0x00000000000044d4      0x144 /workspaces/Codespaces_Arduino_Bridge/build/sketches/demo_upload_validation/libraries/Servo/samd/Servo.cpp.o
                0x00000000000044d4                Servo::attach(int, int, int)
 .text._ZN5Servo6attachEi
                0x0000000000004618       0x10 /workspaces/Codespaces_Arduino_Bridge/build/sketches/demo_upload_validation/libraries/Servo/samd/Servo.cpp.o
                0x0000000000004618                Servo::attach(int)
 .text._ZN5Servo17writeMicrosecondsEi
                0x0000000000004628       0x50 /workspaces/Codespaces_Arduino_Bridge/build/sketches/demo_upload_validation/libraries/Servo/samd/Servo.cpp.o
                0x0000000000004628                Servo::writeMicroseconds(int)
 .text._ZN5Servo5writeEi
                0x0000000000004678       0x44 /workspaces/Codespaces_Arduino_Bridge/build/sketches/demo_upload_validation/libraries/Servo/samd/Servo.cpp.o
                0x0000000000004678                Servo::write(int)
 .text.SERCOM0_Handler
                0x00000000000046bc       0x10 /workspaces/Codespaces_Arduino_Bridge/build/sketches/demo_upload_validation/core/variant.cpp.o
                0x00000000000046bc                SERCOM0_Handler
 .text.SERCOM5_Handler
                0x00000000000046cc       0x10 /workspaces/Codespaces_Arduino_Bridge/build/sketches/demo_upload_validation/core/variant.cpp.o
                0x00000000000046cc                SERCOM5_Handler
 .text.startup._GLOBAL__sub_I_g_APinDescription
                0x00000000000046dc       0x94 /workspaces/Codespaces_Arduino_Bridge/build/sketches/demo_upload_validation/core/variant.cpp.o
 .text._ZN6SERCOMC2EP6Sercom
                0x0000000000004770        0x8 /workspaces/Codespaces_Arduino_Bridge/build/sketches/demo_upload_validation/core/core.a(SERCOM.cpp.o)
                0x0000000000004770                SERCOM::SERCOM(Sercom*)
                0x0000000000004770                SERCOM::SERCOM(Sercom*)
 .text._ZN6SERCOM9initFrameE18SercomUartCharSize15SercomDataOrder16SercomParityMode19SercomNumberStopBit
                0x0000000000004778       0x3a /workspaces/Codespaces_Arduino_Bridge/build/sketches/demo_upload_validation/core/core.a(SERCOM.cpp.o)
                0x0000000000004778                SERCOM::initFrame(SercomUartCharSize, SercomDataOrder, SercomParityMode, SercomNumberStopBit)
 .text._ZN6SERCOM8initPadsE15SercomUartTXPad11SercomRXPad
                0x00000000000047b2       0x26 /workspaces/Codespaces_Arduino_Bridge/build/sketches/demo_upload_validation/core/core.a(SERCOM.cpp.o)
                0x00000000000047b2                SERCOM::initPads(SercomUartTXPad, SercomRXPad)
 .text._ZN6SERCOM9resetUARTEv
                0x00000000000047d8       0x1a /workspaces/Codespaces_Arduino_Bridge/build/sketches/demo_upload_validation/core/core.a(SERCOM.cpp.o)
                0x00000000000047d8                SERCOM::resetUART()
 .text._ZN6SERCOM10enableUARTEv
                0x00000000000047f2       0x14 /workspaces/Codespaces_Arduino_Bridge/build/sketches/demo_upload_validation/core/core.a(SERCOM.cpp.o)
                0x00000000000047f2                SERCOM::enableUART()
 .text._ZN6SERCOM9flushUARTEv
                0x0000000000004806       0x14 /workspaces/Codespaces_Arduino_Bridge/build/sketches/demo_upload_validation/core/core.a(SERCOM.cpp.o)
                0x0000000000004806                SERCOM::flushUART()
 .text._ZN6SERCOM15clearStatusUARTEv
                0x000000000000481a        0x8 /workspaces/Codespaces_Arduino_Bridge/build/sketches/demo_upload_validation/core/core.a(SERCOM.cpp.o)
                0x000000000000481a                SERCOM::clearStatusUART()
 .text._ZN6SERCOM17availableDataUARTEv
                0x0000000000004822        0xa /workspaces/Codespaces_Arduino_Bridge/build/sketches/demo_upload_validation/core/core.a(SERCOM.cpp.o)
                0x0000000000004822                SERCOM::availableDataUART()
 .text._ZN6SERCOM11isUARTErrorEv
                0x000000000000482c        0x8 /workspaces/Codespaces_Arduino_Bridge/build/sketches/demo_upload_validation/core/core.a(SERCOM.cpp.o)
                0x000000000000482c                SERCOM::isUARTError()
 .text._ZN6SERCOM20acknowledgeUARTErrorEv
                0x0000000000004834        0xe /workspaces/Codespaces_Arduino_Bridge/build/sketches/demo_upload_validation/core/core.a(SERCOM.cpp.o)
                0x0000000000004834                SERCOM::acknowledgeUARTError()
 .text._ZN6SERCOM16isFrameErrorUARTEv
                0x0000000000004842        0xa /workspaces/Codespaces_Arduino_Bridge/build/sketches/demo_upload_validation/core/core.a(SERCOM.cpp.o)
                0x0000000000004842                SERCOM::isFrameErrorUART()
 .text._ZN6SERCOM19clearFrameErrorUARTEv
                0x000000000000484c        0xc /workspaces/Codespaces_Arduino_Bridge/build/sketches/demo_upload_validation/core/core.a(SERCOM.cpp.o)
                0x000000000000484c                SERCOM::clearFrameErrorUART()
 .text._ZN6SERCOM23isDataRegisterEmptyUARTEv
                0x0000000000004858        0xa /workspaces/Codespaces_Arduino_Bridge/build/sketches/demo_upload_validation/core/core.a(SERCOM.cpp.o)
                0x0000000000004858                SERCOM::isDataRegisterEmptyUART()
 .text._ZN6SERCOM12readDataUARTEv
                0x0000000000004862        0x8 /workspaces/Codespaces_Arduino_Bridge/build/sketches/demo_upload_validation/core/core.a(SERCOM.cpp.o)
                0x0000000000004862                SERCOM::readDataUART()
 .text._ZN6SERCOM13writeDataUARTEh
                0x000000000000486a       0x14 /workspaces/Codespaces_Arduino_Bridge/build/sketches/demo_upload_validation/core/core.a(SERCOM.cpp.o)
                0x000000000000486a                SERCOM::writeDataUART(unsigned char)
 .text._ZN6SERCOM36enableDataRegisterEmptyInterruptUARTEv
                0x000000000000487e        0x8 /workspaces/Codespaces_Arduino_Bridge/build/sketches/demo_upload_validation/core/core.a(SERCOM.cpp.o)
                0x000000000000487e                SERCOM::enableDataRegisterEmptyInterruptUART()
 .text._ZN6SERCOM37disableDataRegisterEmptyInterruptUARTEv
                0x0000000000004886        0x8 /workspaces/Codespaces_Arduino_Bridge/build/sketches/demo_upload_validation/core/core.a(SERCOM.cpp.o)
                0x0000000000004886                SERCOM::disableDataRegisterEmptyInterruptUART()
 *fill*         0x000000000000488e        0x2 
 .text._ZN6SERCOM13initClockNVICEv
                0x0000000000004890       0xa8 /workspaces/Codespaces_Arduino_Bridge/build/sketches/demo_upload_validation/core/core.a(SERCOM.cpp.o)
                0x0000000000004890                SERCOM::initClockNVIC()
 .text._ZN6SERCOM8initUARTE14SercomUartMode20SercomUartSampleRatem
                0x0000000000004938       0x6c /workspaces/Codespaces_Arduino_Bridge/build/sketches/demo_upload_validation/core/core.a(SERCOM.cpp.o)
                0x0000000000004938                SERCOM::initUART(SercomUartMode, SercomUartSampleRate, unsigned long)
 .text._ZN4UartcvbEv
                0x00000000000049a4        0x4 /workspaces/Codespaces_Arduino_Bridge/build/sketches/demo_upload_validation/core/core.a(Uart.cpp.o)
                0x00000000000049a4                Uart::operator bool()
 .text._ZN4Uart5beginEm
                0x00000000000049a8       0x10 /workspaces/Codespaces_Arduino_Bridge/build/sketches/demo_upload_validation/core/core.a(Uart.cpp.o)
                0x00000000000049a8                Uart::begin(unsigned long)
 .text._ZN4Uart9availableEv
                0x00000000000049b8        0x6 /workspaces/Codespaces_Arduino_Bridge/build/sketches/demo_upload_validation/core/core.a(Uart.cpp.o)
                0x00000000000049b8                Uart::available()
 .text._ZN4Uart17availableForWriteEv
                0x00000000000049be       0x10 /workspaces/Codespaces_Arduino_Bridge/build/sketches/demo_upload_validation/core/core.a(Uart.cpp.o)
                0x00000000000049be                Uart::availableForWrite()
 .text._ZN4Uart4peekEv
                0x00000000000049ce       0x18 /workspaces/Codespaces_Arduino_Bridge/build/sketches/demo_upload_validation/core/core.a(Uart.cpp.o)
                0x00000000000049ce                Uart::peek()
 .text._ZN4Uart3endEv
                0x00000000000049e6       0x24 /workspaces/Codespaces_Arduino_Bridge/build/sketches/demo_upload_validation/core/core.a(Uart.cpp.o)
                0x00000000000049e6                Uart::end()
 .text._ZN4Uart5flushEv
                0x0000000000004a0a       0x16 /workspaces/Codespaces_Arduino_Bridge/build/sketches/demo_upload_validation/core/core.a(Uart.cpp.o)
                0x0000000000004a0a                Uart::flush()
 .text._ZN7__GuardD2Ev
                0x0000000000004a20        0xe /workspaces/Codespaces_Arduino_Bridge/build/sketches/demo_upload_validation/core/core.a(Uart.cpp.o)
                0x0000000000004a20                __Guard::~__Guard()
                0x0000000000004a20                __Guard::~__Guard()
 .text._ZN4Uart16extractNbStopBitEt
                0x0000000000004a2e        0xc /workspaces/Codespaces_Arduino_Bridge/build/sketches/demo_upload_validation/core/core.a(Uart.cpp.o)
                0x0000000000004a2e                Uart::extractNbStopBit(unsigned short)
 .text._ZN4Uart15extractCharSizeEt
                0x0000000000004a3a       0x28 /workspaces/Codespaces_Arduino_Bridge/build/sketches/demo_upload_validation/core/core.a(Uart.cpp.o)
                0x0000000000004a3a                Uart::extractCharSize(unsigned short)
 .text._ZN4Uart13extractParityEt
                0x0000000000004a62       0x14 /workspaces/Codespaces_Arduino_Bridge/build/sketches/demo_upload_validation/core/core.a(Uart.cpp.o)
                0x0000000000004a62                Uart::extractParity(unsigned short)
 *fill*         0x0000000000004a76        0x2 
 .text._ZN4Uart5beginEmt
                0x0000000000004a78       0xf8 /workspaces/Codespaces_Arduino_Bridge/build/sketches/demo_upload_validation/core/core.a(Uart.cpp.o)
                0x0000000000004a78                Uart::begin(unsigned long, unsigned short)
 .text._ZN7arduino11RingBufferNILi256EEC2Ev
                0x0000000000004b70       0x1e /workspaces/Codespaces_Arduino_Bridge/build/sketches/demo_upload_validation/core/core.a(Uart.cpp.o)
                0x0000000000004b70                arduino::RingBufferN<256>::RingBufferN()
                0x0000000000004b70                arduino::RingBufferN<256>::RingBufferN()
 *fill*         0x0000000000004b8e        0x2 
 .text._ZN4UartC2EP6SERCOMhh11SercomRXPad15SercomUartTXPad
                0x0000000000004b90       0x74 /workspaces/Codespaces_Arduino_Bridge/build/sketches/demo_upload_validation/core/core.a(Uart.cpp.o)
                0x0000000000004b90                Uart::Uart(SERCOM*, unsigned char, unsigned char, SercomRXPad, SercomUartTXPad)
                0x0000000000004b90                Uart::Uart(SERCOM*, unsigned char, unsigned char, SercomRXPad, SercomUartTXPad)
 .text._ZN7arduino15SafeRingBufferNILi256EE10store_charEh
                0x0000000000004c04       0x4a /workspaces/Codespaces_Arduino_Bridge/build/sketches/demo_upload_validation/core/core.a(Uart.cpp.o)
                0x0000000000004c04                arduino::SafeRingBufferN<256>::store_char(unsigned char)
 .text._ZN7arduino15SafeRingBufferNILi256EE9read_charEv
                0x0000000000004c4e       0x50 /workspaces/Codespaces_Arduino_Bridge/build/sketches/demo_upload_validation/core/core.a(Uart.cpp.o)
                0x0000000000004c4e                arduino::SafeRingBufferN<256>::read_char()
 .text._ZN4Uart10IrqHandlerEv
                0x0000000000004c9e       0xa4 /workspaces/Codespaces_Arduino_Bridge/build/sketches/demo_upload_validation/core/core.a(Uart.cpp.o)
                0x0000000000004c9e                Uart::IrqHandler()
 *fill*         0x0000000000004d42        0x2 
 .text._ZN4Uart5writeEh
                0x0000000000004d44       0x9c /workspaces/Codespaces_Arduino_Bridge/build/sketches/demo_upload_validation/core/core.a(Uart.cpp.o)
                0x0000000000004d44                Uart::write(unsigned char)
 .text._ZN4Uart4readEv
                0x0000000000004de0       0x34 /workspaces/Codespaces_Arduino_Bridge/build/sketches/demo_upload_validation/core/core.a(Uart.cpp.o)
                0x0000000000004de0                Uart::read()
 .text._Z3maplllll
                0x0000000000004e14       0x16 /workspaces/Codespaces_Arduino_Bridge/build/sketches/demo_upload_validation/core/core.a(Common.cpp.o)
                0x0000000000004e14                map(long, long, long, long, long)
 .text._ZN7arduino5Print5writeEPKhj
                0x0000000000004e2a       0x28 /workspaces/Codespaces_Arduino_Bridge/build/sketches/demo_upload_validation/core/core.a(Print.cpp.o)
                0x0000000000004e2a                arduino::Print::write(unsigned char const*, unsigned int)
 .text._ZN7arduino5Print5writeEPKc.part.2
                0x0000000000004e52       0x1a /workspaces/Codespaces_Arduino_Bridge/build/sketches/demo_upload_validation/core/core.a(Print.cpp.o)
 .text._ZN7arduino5Print5writeEPKc
                0x0000000000004e6c       0x10 /workspaces/Codespaces_Arduino_Bridge/build/sketches/demo_upload_validation/core/core.a(Print.cpp.o)
                0x0000000000004e6c                arduino::Print::write(char const*)
 .text._ZN7arduino5Print5printEPKNS_19__FlashStringHelperE
                0x0000000000004e7c        0x8 /workspaces/Codespaces_Arduino_Bridge/build/sketches/demo_upload_validation/core/core.a(Print.cpp.o)
                0x0000000000004e7c                arduino::Print::print(arduino::__FlashStringHelper const*)
 .text._ZN7arduino5Print5printEc
                0x0000000000004e84        0xa /workspaces/Codespaces_Arduino_Bridge/build/sketches/demo_upload_validation/core/core.a(Print.cpp.o)
                0x0000000000004e84                arduino::Print::print(char)
 *fill*         0x0000000000004e8e        0x2 
 .text._ZN7arduino5Print7printlnEv
                0x0000000000004e90       0x10 /workspaces/Codespaces_Arduino_Bridge/build/sketches/demo_upload_validation/core/core.a(Print.cpp.o)
                0x0000000000004e90                arduino::Print::println()
 .text._ZN7arduino5Print7printlnEPKNS_19__FlashStringHelperE
                0x0000000000004ea0       0x14 /workspaces/Codespaces_Arduino_Bridge/build/sketches/demo_upload_validation/core/core.a(Print.cpp.o)
                0x0000000000004ea0                arduino::Print::println(arduino::__FlashStringHelper const*)
 .text._ZN7arduino5Print11printNumberEmh
                0x0000000000004eb4       0x48 /workspaces/Codespaces_Arduino_Bridge/build/sketches/demo_upload_validation/core/core.a(Print.cpp.o)
                0x0000000000004eb4                arduino::Print::printNumber(unsigned long, unsigned char)
 .text._ZN7arduino5Print5printEli
                0x0000000000004efc       0x3e /workspaces/Codespaces_Arduino_Bridge/build/sketches/demo_upload_validation/core/core.a(Print.cpp.o)
                0x0000000000004efc                arduino::Print::print(long, int)
 .text._ZN7arduino5Print7printlnEii
                0x0000000000004f3a       0x14 /workspaces/Codespaces_Arduino_Bridge/build/sketches/demo_upload_validation/core/core.a(Print.cpp.o)
                0x0000000000004f3a                arduino::Print::println(int, int)
 .text._ZN7arduino5Print5printEmi
                0x0000000000004f4e       0x18 /workspaces/Codespaces_Arduino_Bridge/build/sketches/demo_upload_validation/core/core.a(Print.cpp.o)
                0x0000000000004f4e                arduino::Print::print(unsigned long, int)
 .text.Dummy_Handler
                0x0000000000004f66        0x2 /workspaces/Codespaces_Arduino_Bridge/build/sketches/demo_upload_validation/core/core.a(cortex_handlers.c.o)
                0x0000000000004f66                DMAC_Handler
                0x0000000000004f66                HardFault_Handler
                0x0000000000004f66                AC_Handler
                0x0000000000004f66                PendSV_Handler
                0x0000000000004f66                NMI_Handler
                0x0000000000004f66                TC7_Handler
                0x0000000000004f66                SERCOM1_Handler
                0x0000000000004f66                ADC_Handler
                0x0000000000004f66                TCC1_Handler
                0x0000000000004f66                SERCOM2_Handler
                0x0000000000004f66                TCC0_Handler
                0x0000000000004f66                RTC_Handler
                0x0000000000004f66                EIC_Handler
                0x0000000000004f66                TC6_Handler
                0x0000000000004f66                WDT_Handler
                0x0000000000004f66                TC3_Handler
                0x0000000000004f66                Dummy_Handler
                0x0000000000004f66                PM_Handler
                0x0000000000004f66                SVC_Handler
                0x0000000000004f66                TCC2_Handler
                0x0000000000004f66                EVSYS_Handler
                0x0000000000004f66                SERCOM3_Handler
                0x0000000000004f66                SERCOM4_Handler
                0x0000000000004f66                I2S_Handler
                0x0000000000004f66                NVMCTRL_Handler
                0x0000000000004f66                DAC_Handler
                0x0000000000004f66                PTC_Handler
                0x0000000000004f66                SYSCTRL_Handler
 .text.USB_Handler
                0x0000000000004f68       0x14 /workspaces/Codespaces_Arduino_Bridge/build/sketches/demo_upload_validation/core/core.a(cortex_handlers.c.o)
                0x0000000000004f68                USB_Handler
 .text.Reset_Handler
                0x0000000000004f7c       0x54 /workspaces/Codespaces_Arduino_Bridge/build/sketches/demo_upload_validation/core/core.a(cortex_handlers.c.o)
                0x0000000000004f7c                Reset_Handler
 .text.SysTick_Handler
                0x0000000000004fd0       0x10 /workspaces/Codespaces_Arduino_Bridge/build/sketches/demo_upload_validation/core/core.a(cortex_handlers.c.o)
                0x0000000000004fd0                SysTick_Handler
 .text.USB_SetHandler
                0x0000000000004fe0        0xc /workspaces/Codespaces_Arduino_Bridge/build/sketches/demo_upload_validation/core/core.a(cortex_handlers.c.o)
                0x0000000000004fe0                USB_SetHandler
 .text.millis   0x0000000000004fec        0xc /workspaces/Codespaces_Arduino_Bridge/build/sketches/demo_upload_validation/core/core.a(delay.c.o)
                0x0000000000004fec                millis
 .text.micros   0x0000000000004ff8       0x60 /workspaces/Codespaces_Arduino_Bridge/build/sketches/demo_upload_validation/core/core.a(delay.c.o)
                0x0000000000004ff8                micros
 .text.delay    0x0000000000005058       0x30 /workspaces/Codespaces_Arduino_Bridge/build/sketches/demo_upload_validation/core/core.a(delay.c.o)
                0x0000000000005058                delay
 .text.resetExternalChip
                0x0000000000005088        0x2 /workspaces/Codespaces_Arduino_Bridge/build/sketches/demo_upload_validation/core/core.a(delay.c.o)
                0x0000000000005088                resetExternalChip
 *fill*         0x000000000000508a        0x2 
 .text.SysTick_DefaultHandler
                0x000000000000508c       0x14 /workspaces/Codespaces_Arduino_Bridge/build/sketches/demo_upload_validation/core/core.a(delay.c.o)
                0x000000000000508c                SysTick_DefaultHandler
 .text.__empty  0x00000000000050a0        0x2 /workspaces/Codespaces_Arduino_Bridge/build/sketches/demo_upload_validation/core/core.a(hooks.c.o)
                0x00000000000050a0                yield
 .text.__false  0x00000000000050a2        0x4 /workspaces/Codespaces_Arduino_Bridge/build/sketches/demo_upload_validation/core/core.a(hooks.c.o)
                0x00000000000050a2                sysTickHook
 .text.initVariant
                0x00000000000050a6        0x2 /workspaces/Codespaces_Arduino_Bridge/build/sketches/demo_upload_validation/core/core.a(main.cpp.o)
                0x00000000000050a6                initVariant
 .text.startup.main
                0x00000000000050a8       0x40 /workspaces/Codespaces_Arduino_Bridge/build/sketches/demo_upload_validation/core/core.a(main.cpp.o)
                0x00000000000050a8                main
 .text.SystemInit
                0x00000000000050e8      0x160 /workspaces/Codespaces_Arduino_Bridge/build/sketches/demo_upload_validation/core/core.a(startup.c.o)
                0x00000000000050e8                SystemInit
 .text.init     0x0000000000005248       0xf0 /workspaces/Codespaces_Arduino_Bridge/build/sketches/demo_upload_validation/core/core.a(wiring.c.o)
                0x0000000000005248                init
 .text.analogReference
                0x0000000000005338       0x64 /workspaces/Codespaces_Arduino_Bridge/build/sketches/demo_upload_validation/core/core.a(wiring_analog.c.o)
                0x0000000000005338                analogReference
 .text.pinMode  0x000000000000539c       0x98 /workspaces/Codespaces_Arduino_Bridge/build/sketches/demo_upload_validation/core/core.a(wiring_digital.c.o)
                0x000000000000539c                pinMode
 .text.digitalWrite
                0x0000000000005434       0x58 /workspaces/Codespaces_Arduino_Bridge/build/sketches/demo_upload_validation/core/core.a(wiring_digital.c.o)
                0x0000000000005434                digitalWrite
 .text.digitalRead
                0x000000000000548c       0x30 /workspaces/Codespaces_Arduino_Bridge/build/sketches/demo_upload_validation/core/core.a(wiring_digital.c.o)
                0x000000000000548c                digitalRead
 .text.pinPeripheral
                0x00000000000054bc       0xc0 /workspaces/Codespaces_Arduino_Bridge/build/sketches/demo_upload_validation/core/core.a(wiring_private.c.o)
                0x00000000000054bc                pinPeripheral
 .text.initiateReset
                0x000000000000557c       0x14 /workspaces/Codespaces_Arduino_Bridge/build/sketches/demo_upload_validation/core/core.a(Reset.cpp.o)
                0x000000000000557c                initiateReset
 .text.cancelReset
                0x0000000000005590       0x10 /workspaces/Codespaces_Arduino_Bridge/build/sketches/demo_upload_validation/core/core.a(Reset.cpp.o)
                0x0000000000005590                cancelReset
 .text.tickReset
                0x00000000000055a0       0x78 /workspaces/Codespaces_Arduino_Bridge/build/sketches/demo_upload_validation/core/core.a(Reset.cpp.o)
                0x00000000000055a0                tickReset
 .text._ZN26DoubleBufferedEPOutHandlerD2Ev
                0x0000000000005618        0x2 /workspaces/Codespaces_Arduino_Bridge/build/sketches/demo_upload_validation/core/core.a(USBCore.cpp.o)
                0x0000000000005618                DoubleBufferedEPOutHandler::~DoubleBufferedEPOutHandler()
                0x0000000000005618                DoubleBufferedEPOutHandler::~DoubleBufferedEPOutHandler()
 .text._ZN26DoubleBufferedEPOutHandlerD0Ev
                0x000000000000561a        0xc /workspaces/Codespaces_Arduino_Bridge/build/sketches/demo_upload_validation/core/core.a(USBCore.cpp.o)
                0x000000000000561a                DoubleBufferedEPOutHandler::~DoubleBufferedEPOutHandler()
 *fill*         0x0000000000005626        0x2 
 .text._ZN14USBDeviceClass6initEPEmm.part.7
                0x0000000000005628       0xc4 /workspaces/Codespaces_Arduino_Bridge/build/sketches/demo_upload_validation/core/core.a(USBCore.cpp.o)
 .text._ZN7__GuardC2Ev
                0x00000000000056ec        0xe /workspaces/Codespaces_Arduino_Bridge/build/sketches/demo_upload_validation/core/core.a(USBCore.cpp.o)
                0x00000000000056ec                __Guard::__Guard()
                0x00000000000056ec                __Guard::__Guard()
 .text._ZNK26DoubleBufferedEPOutHandler10_availableEv
                0x00000000000056fa       0x70 /workspaces/Codespaces_Arduino_Bridge/build/sketches/demo_upload_validation/core/core.a(USBCore.cpp.o)
                0x00000000000056fa                DoubleBufferedEPOutHandler::_available() const
 *fill*         0x000000000000576a        0x2 
 .text._ZN26DoubleBufferedEPOutHandler7releaseEv
                0x000000000000576c       0x38 /workspaces/Codespaces_Arduino_Bridge/build/sketches/demo_upload_validation/core/core.a(USBCore.cpp.o)
                0x000000000000576c                DoubleBufferedEPOutHandler::release()
 .text._ZN26DoubleBufferedEPOutHandler14handleEndpointEv
                0x00000000000057a4       0xe2 /workspaces/Codespaces_Arduino_Bridge/build/sketches/demo_upload_validation/core/core.a(USBCore.cpp.o)
                0x00000000000057a4                DoubleBufferedEPOutHandler::handleEndpoint()
 .text._ZN14USBDeviceClass14SendInterfacesEPm
                0x0000000000005886       0x20 /workspaces/Codespaces_Arduino_Bridge/build/sketches/demo_upload_validation/core/core.a(USBCore.cpp.o)
                0x0000000000005886                USBDeviceClass::SendInterfaces(unsigned long*)
 *fill*         0x00000000000058a6        0x2 
 .text._ZN14USBDeviceClass6attachEv
                0x00000000000058a8       0x34 /workspaces/Codespaces_Arduino_Bridge/build/sketches/demo_upload_validation/core/core.a(USBCore.cpp.o)
                0x00000000000058a8                USBDeviceClass::attach()
 .text._ZN14USBDeviceClass10setAddressEm
                0x00000000000058dc       0x48 /workspaces/Codespaces_Arduino_Bridge/build/sketches/demo_upload_validation/core/core.a(USBCore.cpp.o)
                0x00000000000058dc                USBDeviceClass::setAddress(unsigned long)
 .text._ZN14USBDeviceClass25handleClassInterfaceSetupERN7arduino8USBSetupE
                0x0000000000005924       0x24 /workspaces/Codespaces_Arduino_Bridge/build/sketches/demo_upload_validation/core/core.a(USBCore.cpp.o)
                0x0000000000005924                USBDeviceClass::handleClassInterfaceSetup(arduino::USBSetup&)
 .text._ZN14USBDeviceClass6initEPEmm
                0x0000000000005948      0x10c /workspaces/Codespaces_Arduino_Bridge/build/sketches/demo_upload_validation/core/core.a(USBCore.cpp.o)
                0x0000000000005948                USBDeviceClass::initEP(unsigned long, unsigned long)
 .text._ZN14USBDeviceClass13initEndpointsEv
                0x0000000000005a54       0x24 /workspaces/Codespaces_Arduino_Bridge/build/sketches/demo_upload_validation/core/core.a(USBCore.cpp.o)
                0x0000000000005a54                USBDeviceClass::initEndpoints()
 .text._ZN14USBDeviceClass5clearEm
                0x0000000000005a78       0x38 /workspaces/Codespaces_Arduino_Bridge/build/sketches/demo_upload_validation/core/core.a(USBCore.cpp.o)
                0x0000000000005a78                USBDeviceClass::clear(unsigned long)
 .text._ZN14USBDeviceClass9availableEm
                0x0000000000005ab0       0x2c /workspaces/Codespaces_Arduino_Bridge/build/sketches/demo_upload_validation/core/core.a(USBCore.cpp.o)
                0x0000000000005ab0                USBDeviceClass::available(unsigned long)
 .text._ZN14USBDeviceClass5flushEm
                0x0000000000005adc       0x2c /workspaces/Codespaces_Arduino_Bridge/build/sketches/demo_upload_validation/core/core.a(USBCore.cpp.o)
                0x0000000000005adc                USBDeviceClass::flush(unsigned long)
 .text._ZN14USBDeviceClass4recvEmPvm
                0x0000000000005b08       0xdc /workspaces/Codespaces_Arduino_Bridge/build/sketches/demo_upload_validation/core/core.a(USBCore.cpp.o)
                0x0000000000005b08                USBDeviceClass::recv(unsigned long, void*, unsigned long)
 .text._ZN14USBDeviceClass4recvEm
                0x0000000000005be4       0x1c /workspaces/Codespaces_Arduino_Bridge/build/sketches/demo_upload_validation/core/core.a(USBCore.cpp.o)
                0x0000000000005be4                USBDeviceClass::recv(unsigned long)
 .text._ZN14USBDeviceClass14armRecvCtrlOUTEm
                0x0000000000005c00       0x5c /workspaces/Codespaces_Arduino_Bridge/build/sketches/demo_upload_validation/core/core.a(USBCore.cpp.o)
                0x0000000000005c00                USBDeviceClass::armRecvCtrlOUT(unsigned long)
 .text._ZN14USBDeviceClass11recvControlEPvm
                0x0000000000005c5c       0x28 /workspaces/Codespaces_Arduino_Bridge/build/sketches/demo_upload_validation/core/core.a(USBCore.cpp.o)
                0x0000000000005c5c                USBDeviceClass::recvControl(void*, unsigned long)
 .text._ZN14USBDeviceClass4sendEmPKvm
                0x0000000000005c84      0x124 /workspaces/Codespaces_Arduino_Bridge/build/sketches/demo_upload_validation/core/core.a(USBCore.cpp.o)
                0x0000000000005c84                USBDeviceClass::send(unsigned long, void const*, unsigned long)
 .text._ZN14USBDeviceClass7armSendEmPKvm
                0x0000000000005da8       0x48 /workspaces/Codespaces_Arduino_Bridge/build/sketches/demo_upload_validation/core/core.a(USBCore.cpp.o)
                0x0000000000005da8                USBDeviceClass::armSend(unsigned long, void const*, unsigned long)
 .text._ZN14USBDeviceClass11sendControlEPKvm
                0x0000000000005df0       0x54 /workspaces/Codespaces_Arduino_Bridge/build/sketches/demo_upload_validation/core/core.a(USBCore.cpp.o)
                0x0000000000005df0                USBDeviceClass::sendControl(void const*, unsigned long)
 .text._ZN14USBDeviceClass20sendStringDescriptorEPKhm
                0x0000000000005e44       0x64 /workspaces/Codespaces_Arduino_Bridge/build/sketches/demo_upload_validation/core/core.a(USBCore.cpp.o)
                0x0000000000005e44                USBDeviceClass::sendStringDescriptor(unsigned char const*, unsigned long)
 .text._ZN14USBDeviceClass17sendConfigurationEm
                0x0000000000005ea8       0x80 /workspaces/Codespaces_Arduino_Bridge/build/sketches/demo_upload_validation/core/core.a(USBCore.cpp.o)
                0x0000000000005ea8                USBDeviceClass::sendConfiguration(unsigned long)
 .text._ZN14USBDeviceClass14sendDescriptorERN7arduino8USBSetupE
                0x0000000000005f28       0xd8 /workspaces/Codespaces_Arduino_Bridge/build/sketches/demo_upload_validation/core/core.a(USBCore.cpp.o)
                0x0000000000005f28                USBDeviceClass::sendDescriptor(arduino::USBSetup&)
 .text._ZN14USBDeviceClass7sendZlpEm
                0x0000000000006000       0x18 /workspaces/Codespaces_Arduino_Bridge/build/sketches/demo_upload_validation/core/core.a(USBCore.cpp.o)
                0x0000000000006000                USBDeviceClass::sendZlp(unsigned long)
 .text._ZN14USBDeviceClass19handleStandardSetupERN7arduino8USBSetupE
                0x0000000000006018       0xf0 /workspaces/Codespaces_Arduino_Bridge/build/sketches/demo_upload_validation/core/core.a(USBCore.cpp.o)
                0x0000000000006018                USBDeviceClass::handleStandardSetup(arduino::USBSetup&)
 .text._ZN14USBDeviceClass10ISRHandlerEv
                0x0000000000006108      0x150 /workspaces/Codespaces_Arduino_Bridge/build/sketches/demo_upload_validation/core/core.a(USBCore.cpp.o)
                0x0000000000006108                USBDeviceClass::ISRHandler()
 .text.UDD_Handler
                0x0000000000006258       0x10 /workspaces/Codespaces_Arduino_Bridge/build/sketches/demo_upload_validation/core/core.a(USBCore.cpp.o)
                0x0000000000006258                UDD_Handler
 .text._ZN7arduino13PluggableUSB_C2Ev
                0x0000000000006268       0x10 /workspaces/Codespaces_Arduino_Bridge/build/sketches/demo_upload_validation/core/core.a(USBCore.cpp.o)
                0x0000000000006268                arduino::PluggableUSB_::PluggableUSB_()
                0x0000000000006268                arduino::PluggableUSB_::PluggableUSB_()
 .text._Z8epBufferj
                0x0000000000006278        0xc /workspaces/Codespaces_Arduino_Bridge/build/sketches/demo_upload_validation/core/core.a(USBCore.cpp.o)
                0x0000000000006278                epBuffer(unsigned int)
 .text._ZN7arduino11RingBufferNILi64EE10store_charEh
                0x0000000000006284       0x1c /workspaces/Codespaces_Arduino_Bridge/build/sketches/demo_upload_validation/core/core.a(USBCore.cpp.o)
                0x0000000000006284                arduino::RingBufferN<64>::store_char(unsigned char)
 .text._ZN26DoubleBufferedEPOutHandler5_recvEv
                0x00000000000062a0      0x15e /workspaces/Codespaces_Arduino_Bridge/build/sketches/demo_upload_validation/core/core.a(USBCore.cpp.o)
                0x00000000000062a0                DoubleBufferedEPOutHandler::_recv()
 .text._ZN26DoubleBufferedEPOutHandler9availableEv
                0x00000000000063fe        0xc /workspaces/Codespaces_Arduino_Bridge/build/sketches/demo_upload_validation/core/core.a(USBCore.cpp.o)
                0x00000000000063fe                DoubleBufferedEPOutHandler::available()
 .text._ZN26DoubleBufferedEPOutHandler4peekEv
                0x000000000000640a       0x1c /workspaces/Codespaces_Arduino_Bridge/build/sketches/demo_upload_validation/core/core.a(USBCore.cpp.o)
                0x000000000000640a                DoubleBufferedEPOutHandler::peek()
 .text._ZN26DoubleBufferedEPOutHandler4recvEPvm
                0x0000000000006426       0x60 /workspaces/Codespaces_Arduino_Bridge/build/sketches/demo_upload_validation/core/core.a(USBCore.cpp.o)
                0x0000000000006426                DoubleBufferedEPOutHandler::recv(void*, unsigned long)
 *fill*         0x0000000000006486        0x2 
 .text.startup._GLOBAL__sub_I_usbd
                0x0000000000006488       0x10 /workspaces/Codespaces_Arduino_Bridge/build/sketches/demo_upload_validation/core/core.a(USBCore.cpp.o)
 .text._ZN14USBDeviceClass4initEv
                0x0000000000006498      0x18c /workspaces/Codespaces_Arduino_Bridge/build/sketches/demo_upload_validation/core/core.a(USBCore.cpp.o)
                0x0000000000006498                USBDeviceClass::init()
 .text._ZN7arduino13PluggableUSB_12getInterfaceEPh
                0x0000000000006624       0x28 /workspaces/Codespaces_Arduino_Bridge/build/sketches/demo_upload_validation/core/core.a(PluggableUSB.cpp.o)
                0x0000000000006624                arduino::PluggableUSB_::getInterface(unsigned char*)
 .text._ZN7arduino13PluggableUSB_13getDescriptorERNS_8USBSetupE
                0x000000000000664c       0x20 /workspaces/Codespaces_Arduino_Bridge/build/sketches/demo_upload_validation/core/core.a(PluggableUSB.cpp.o)
                0x000000000000664c                arduino::PluggableUSB_::getDescriptor(arduino::USBSetup&)
 .text._ZN7arduino13PluggableUSB_12getShortNameEPc
                0x000000000000666c       0x1e /workspaces/Codespaces_Arduino_Bridge/build/sketches/demo_upload_validation/core/core.a(PluggableUSB.cpp.o)
                0x000000000000666c                arduino::PluggableUSB_::getShortName(char*)
 .text._ZN7arduino13PluggableUSB_5setupERNS_8USBSetupE
                0x000000000000668a       0x20 /workspaces/Codespaces_Arduino_Bridge/build/sketches/demo_upload_validation/core/core.a(PluggableUSB.cpp.o)
                0x000000000000668a                arduino::PluggableUSB_::setup(arduino::USBSetup&)
 .text._ZN7arduino13PluggableUSB_4plugEPNS_18PluggableUSBModuleE
                0x00000000000066aa       0x5c /workspaces/Codespaces_Arduino_Bridge/build/sketches/demo_upload_validation/core/core.a(PluggableUSB.cpp.o)
                0x00000000000066aa                arduino::PluggableUSB_::plug(arduino::PluggableUSBModule*)
 *fill*         0x0000000000006706        0x2 
 .text._Z12PluggableUSBv
                0x0000000000006708       0x24 /workspaces/Codespaces_Arduino_Bridge/build/sketches/demo_upload_validation/core/core.a(PluggableUSB.cpp.o)
                0x0000000000006708                PluggableUSB()
 .text._Znwj    0x000000000000672c        0x8 /workspaces/Codespaces_Arduino_Bridge/build/sketches/demo_upload_validation/core/core.a(new.cpp.o)
                0x000000000000672c                operator new(unsigned int)
 .text._ZdlPv   0x0000000000006734        0x8 /workspaces/Codespaces_Arduino_Bridge/build/sketches/demo_upload_validation/core/core.a(new.cpp.o)
                0x0000000000006734                operator delete(void*)
 .text._ZN7Serial_13getDescriptorERN7arduino8USBSetupE
                0x000000000000673c        0x4 /workspaces/Codespaces_Arduino_Bridge/build/sketches/demo_upload_validation/core/core.a(CDC.cpp.o)
                0x000000000000673c                Serial_::getDescriptor(arduino::USBSetup&)
 .text._ZL5utox8mPc
                0x0000000000006740       0x24 /workspaces/Codespaces_Arduino_Bridge/build/sketches/demo_upload_validation/core/core.a(CDC.cpp.o)
 .text._ZN7Serial_12getShortNameEPc
                0x0000000000006764       0x44 /workspaces/Codespaces_Arduino_Bridge/build/sketches/demo_upload_validation/core/core.a(CDC.cpp.o)
                0x0000000000006764                Serial_::getShortName(char*)
 .text._ZThn16_N7Serial_12getShortNameEPc
                0x00000000000067a8       0x10 /workspaces/Codespaces_Arduino_Bridge/build/sketches/demo_upload_validation/core/core.a(CDC.cpp.o)
                0x00000000000067a8                non-virtual thunk to Serial_::getShortName(char*)
 .text._ZN7Serial_5beginEm
                0x00000000000067b8        0x2 /workspaces/Codespaces_Arduino_Bridge/build/sketches/demo_upload_validation/core/core.a(CDC.cpp.o)
                0x00000000000067b8                Serial_::begin(unsigned long)
 .text._ZN7Serial_5beginEmt
                0x00000000000067ba        0x2 /workspaces/Codespaces_Arduino_Bridge/build/sketches/demo_upload_validation/core/core.a(CDC.cpp.o)
                0x00000000000067ba                Serial_::begin(unsigned long, unsigned short)
 .text._ZN7Serial_17availableForWriteEv
                0x00000000000067bc        0x4 /workspaces/Codespaces_Arduino_Bridge/build/sketches/demo_upload_validation/core/core.a(CDC.cpp.o)
                0x00000000000067bc                Serial_::availableForWrite()
 .text._ZN7Serial_5writeEh
                0x00000000000067c0       0x14 /workspaces/Codespaces_Arduino_Bridge/build/sketches/demo_upload_validation/core/core.a(CDC.cpp.o)
                0x00000000000067c0                Serial_::write(unsigned char)
 .text._ZN7Serial_12getInterfaceEPh
                0x00000000000067d4      0x11c /workspaces/Codespaces_Arduino_Bridge/build/sketches/demo_upload_validation/core/core.a(CDC.cpp.o)
                0x00000000000067d4                Serial_::getInterface(unsigned char*)
 .text._ZThn16_N7Serial_12getInterfaceEPh
                0x00000000000068f0       0x10 /workspaces/Codespaces_Arduino_Bridge/build/sketches/demo_upload_validation/core/core.a(CDC.cpp.o)
                0x00000000000068f0                non-virtual thunk to Serial_::getInterface(unsigned char*)
 .text._ZN7Serial_5setupERN7arduino8USBSetupE
                0x0000000000006900       0x9c /workspaces/Codespaces_Arduino_Bridge/build/sketches/demo_upload_validation/core/core.a(CDC.cpp.o)
                0x0000000000006900                Serial_::setup(arduino::USBSetup&)
 .text._ZThn16_N7Serial_5setupERN7arduino8USBSetupE
                0x000000000000699c       0x10 /workspaces/Codespaces_Arduino_Bridge/build/sketches/demo_upload_validation/core/core.a(CDC.cpp.o)
                0x000000000000699c                non-virtual thunk to Serial_::setup(arduino::USBSetup&)
 .text._ZN7Serial_3endEv
                0x00000000000069ac        0xe /workspaces/Codespaces_Arduino_Bridge/build/sketches/demo_upload_validation/core/core.a(CDC.cpp.o)
                0x00000000000069ac                Serial_::end()
 *fill*         0x00000000000069ba        0x2 
 .text._ZN7Serial_9availableEv
                0x00000000000069bc       0x20 /workspaces/Codespaces_Arduino_Bridge/build/sketches/demo_upload_validation/core/core.a(CDC.cpp.o)
                0x00000000000069bc                Serial_::available()
 .text._ZN7Serial_5flushEv
                0x00000000000069dc        0xe /workspaces/Codespaces_Arduino_Bridge/build/sketches/demo_upload_validation/core/core.a(CDC.cpp.o)
                0x00000000000069dc                Serial_::flush()
 .text._ZN7Serial_5clearEv
                0x00000000000069ea        0xe /workspaces/Codespaces_Arduino_Bridge/build/sketches/demo_upload_validation/core/core.a(CDC.cpp.o)
                0x00000000000069ea                Serial_::clear()
 .text._ZN7Serial_5writeEPKhj
                0x00000000000069f8       0x1e /workspaces/Codespaces_Arduino_Bridge/build/sketches/demo_upload_validation/core/core.a(CDC.cpp.o)
                0x00000000000069f8                Serial_::write(unsigned char const*, unsigned int)
 *fill*         0x0000000000006a16        0x2 
 .text._ZN7Serial_4peekEv
                0x0000000000006a18       0x1c /workspaces/Codespaces_Arduino_Bridge/build/sketches/demo_upload_validation/core/core.a(CDC.cpp.o)
                0x0000000000006a18                Serial_::peek()
 .text._ZN7Serial_4readEv
                0x0000000000006a34       0x24 /workspaces/Codespaces_Arduino_Bridge/build/sketches/demo_upload_validation/core/core.a(CDC.cpp.o)
                0x0000000000006a34                Serial_::read()
 .text._ZN7Serial_cvbEv
                0x0000000000006a58       0x26 /workspaces/Codespaces_Arduino_Bridge/build/sketches/demo_upload_validation/core/core.a(CDC.cpp.o)
                0x0000000000006a58                Serial_::operator bool()
 .text._ZThn16_N7Serial_13getDescriptorERN7arduino8USBSetupE
                0x0000000000006a7e        0x4 /workspaces/Codespaces_Arduino_Bridge/build/sketches/demo_upload_validation/core/core.a(CDC.cpp.o)
                0x0000000000006a7e                non-virtual thunk to Serial_::getDescriptor(arduino::USBSetup&)
 .text._ZN7Serial_14handleEndpointEi
                0x0000000000006a82        0x2 /workspaces/Codespaces_Arduino_Bridge/build/sketches/demo_upload_validation/core/core.a(CDC.cpp.o)
                0x0000000000006a82                Serial_::handleEndpoint(int)
 .text._ZN7Serial_C2ER14USBDeviceClass
                0x0000000000006a84       0x5c /workspaces/Codespaces_Arduino_Bridge/build/sketches/demo_upload_validation/core/core.a(CDC.cpp.o)
                0x0000000000006a84                Serial_::Serial_(USBDeviceClass&)
                0x0000000000006a84                Serial_::Serial_(USBDeviceClass&)
 .text._ZN7Serial_15enableInterruptEv
                0x0000000000006ae0       0x30 /workspaces/Codespaces_Arduino_Bridge/build/sketches/demo_upload_validation/core/core.a(CDC.cpp.o)
                0x0000000000006ae0                Serial_::enableInterrupt()
 .text.startup._GLOBAL__sub_I__ZN7Serial_12getInterfaceEPh
                0x0000000000006b10       0x14 /workspaces/Codespaces_Arduino_Bridge/build/sketches/demo_upload_validation/core/core.a(CDC.cpp.o)
 .text          0x0000000000006b24       0x14 /home/node/.arduino15/packages/arduino/tools/arm-none-eabi-gcc/7-2017q4/bin/../lib/gcc/arm-none-eabi/7.2.1/thumb/v6-m/libgcc.a(_thumb1_case_uqi.o)
                0x0000000000006b24                __gnu_thumb1_case_uqi
 .text          0x0000000000006b38      0x114 /home/node/.arduino15/packages/arduino/tools/arm-none-eabi-gcc/7-2017q4/bin/../lib/gcc/arm-none-eabi/7.2.1/thumb/v6-m/libgcc.a(_udivsi3.o)
                0x0000000000006b38                __udivsi3
                0x0000000000006b38                __aeabi_uidiv
                0x0000000000006c44                __aeabi_uidivmod
 .text          0x0000000000006c4c      0x1d4 /home/node/.arduino15/packages/arduino/tools/arm-none-eabi-gcc/7-2017q4/bin/../lib/gcc/arm-none-eabi/7.2.1/thumb/v6-m/libgcc.a(_divsi3.o)
                0x0000000000006c4c                __aeabi_idiv
                0x0000000000006c4c                __divsi3
                0x0000000000006e18                __aeabi_idivmod
 .text          0x0000000000006e20        0x4 /home/node/.arduino15/packages/arduino/tools/arm-none-eabi-gcc/7-2017q4/bin/../lib/gcc/arm-none-eabi/7.2.1/thumb/v6-m/libgcc.a(_dvmd_tls.o)
                0x0000000000006e20                __aeabi_ldiv0
                0x0000000000006e20                __aeabi_idiv0
 .text.__libc_init_array
                0x0000000000006e24       0x48 /home/node/.arduino15/packages/arduino/tools/arm-none-eabi-gcc/7-2017q4/bin/../lib/gcc/arm-none-eabi/7.2.1/../../../../arm-none-eabi/lib/thumb/v6-m/libc_nano.a(lib_a-init.o)
                0x0000000000006e24                __libc_init_array
 .text.malloc   0x0000000000006e6c       0x14 /home/node/.arduino15/packages/arduino/tools/arm-none-eabi-gcc/7-2017q4/bin/../lib/gcc/arm-none-eabi/7.2.1/../../../../arm-none-eabi/lib/thumb/v6-m/libc_nano.a(lib_a-malloc.o)
                0x0000000000006e6c                malloc
 .text.free     0x0000000000006e80       0x14 /home/node/.arduino15/packages/arduino/tools/arm-none-eabi-gcc/7-2017q4/bin/../lib/gcc/arm-none-eabi/7.2.1/../../../../arm-none-eabi/lib/thumb/v6-m/libc_nano.a(lib_a-malloc.o)
                0x0000000000006e80                free
 .text.memcpy   0x0000000000006e94       0x12 /home/node/.arduino15/packages/arduino/tools/arm-none-eabi-gcc/7-2017q4/bin/../lib/gcc/arm-none-eabi/7.2.1/../../../../arm-none-eabi/lib/thumb/v6-m/libc_nano.a(lib_a-memcpy-stub.o)
                0x0000000000006e94                memcpy
 .text.memset   0x0000000000006ea6       0x10 /home/node/.arduino15/packages/arduino/tools/arm-none-eabi-gcc/7-2017q4/bin/../lib/gcc/arm-none-eabi/7.2.1/../../../../arm-none-eabi/lib/thumb/v6-m/libc_nano.a(lib_a-memset.o)
                0x0000000000006ea6                memset
 *fill*         0x0000000000006eb6        0x2 
 .text._free_r  0x0000000000006eb8       0x94 /home/node/.arduino15/packages/arduino/tools/arm-none-eabi-gcc/7-2017q4/bin/../lib/gcc/arm-none-eabi/7.2.1/../../../../arm-none-eabi/lib/thumb/v6-m/libc_nano.a(lib_a-nano-freer.o)
                0x0000000000006eb8                _free_r
 .text._malloc_r
                0x0000000000006f4c       0xbc /home/node/.arduino15/packages/arduino/tools/arm-none-eabi-gcc/7-2017q4/bin/../lib/gcc/arm-none-eabi/7.2.1/../../../../arm-none-eabi/lib/thumb/v6-m/libc_nano.a(lib_a-nano-mallocr.o)
                0x0000000000006f4c                _malloc_r
 .text._sbrk_r  0x0000000000007008       0x24 /home/node/.arduino15/packages/arduino/tools/arm-none-eabi-gcc/7-2017q4/bin/../lib/gcc/arm-none-eabi/7.2.1/../../../../arm-none-eabi/lib/thumb/v6-m/libc_nano.a(lib_a-sbrkr.o)
                0x0000000000007008                _sbrk_r
 .text          0x000000000000702c        0xe /home/node/.arduino15/packages/arduino/tools/arm-none-eabi-gcc/7-2017q4/bin/../lib/gcc/arm-none-eabi/7.2.1/../../../../arm-none-eabi/lib/thumb/v6-m/libc_nano.a(lib_a-strlen.o)
                0x000000000000702c                strlen
 .text.__malloc_lock
                0x000000000000703a        0x2 /home/node/.arduino15/packages/arduino/tools/arm-none-eabi-gcc/7-2017q4/bin/../lib/gcc/arm-none-eabi/7.2.1/../../../../arm-none-eabi/lib/thumb/v6-m/libc_nano.a(lib_a-mlock.o)
                0x000000000000703a                __malloc_lock
 .text.__malloc_unlock
                0x000000000000703c        0x2 /home/node/.arduino15/packages/arduino/tools/arm-none-eabi-gcc/7-2017q4/bin/../lib/gcc/arm-none-eabi/7.2.1/../../../../arm-none-eabi/lib/thumb/v6-m/libc_nano.a(lib_a-mlock.o)
                0x000000000000703c                __malloc_unlock
 *fill*         0x000000000000703e        0x2 
 .text._sbrk    0x0000000000007040       0x1c /home/node/.arduino15/packages/arduino/tools/arm-none-eabi-gcc/7-2017q4/bin/../lib/gcc/arm-none-eabi/7.2.1/../../../../arm-none-eabi/lib/thumb/v6-m/libnosys.a(sbrk.o)
                0x0000000000007040                _sbrk
 *(.init)
 .init          0x000000000000705c        0x4 /home/node/.arduino15/packages/arduino/tools/arm-none-eabi-gcc/7-2017q4/bin/../lib/gcc/arm-none-eabi/7.2.1/thumb/v6-m/crti.o
                0x000000000000705c                _init
 .init          0x0000000000007060        0x8 /home/node/.arduino15/packages/arduino/tools/arm-none-eabi-gcc/7-2017q4/bin/../lib/gcc/arm-none-eabi/7.2.1/thumb/v6-m/crtn.o
 *(.fini)
 .fini          0x0000000000007068        0x4 /home/node/.arduino15/packages/arduino/tools/arm-none-eabi-gcc/7-2017q4/bin/../lib/gcc/arm-none-eabi/7.2.1/thumb/v6-m/crti.o
                0x0000000000007068                _fini
 .fini          0x000000000000706c        0x8 /home/node/.arduino15/packages/arduino/tools/arm-none-eabi-gcc/7-2017q4/bin/../lib/gcc/arm-none-eabi/7.2.1/thumb/v6-m/crtn.o
 *crtbegin.o(.ctors)
 *crtbegin?.o(.ctors)
 *(EXCLUDE_FILE(*crtend.o *crtend?.o) .ctors)
 *(SORT_BY_NAME(.ctors.*))
 *(.ctors)
 *crtbegin.o(.dtors)
 *crtbegin?.o(.dtors)
 *(EXCLUDE_FILE(*crtend.o *crtend?.o) .dtors)
 *(SORT_BY_NAME(.dtors.*))
 *(.dtors)
 *(.rodata*)
 .rodata._Z11printBannerv.str1.1
                0x0000000000007074       0xe9 /workspaces/Codespaces_Arduino_Bridge/build/sketches/demo_upload_validation/sketch/demo_upload_validation.ino.cpp.o
                                         0xeb (size before relaxing)
 .rodata.loop.str1.1
                0x000000000000715d       0x9d /workspaces/Codespaces_Arduino_Bridge/build/sketches/demo_upload_validation/sketch/demo_upload_validation.ino.cpp.o
 .rodata.setup.str1.1
                0x00000000000071fa       0x1a /workspaces/Codespaces_Arduino_Bridge/build/sketches/demo_upload_validation/sketch/demo_upload_validation.ino.cpp.o
 .rodata.g_APinDescription
                0x0000000000007214      0x480 /workspaces/Codespaces_Arduino_Bridge/build/sketches/demo_upload_validation/core/variant.cpp.o
                0x0000000000007214                g_APinDescription
 .rodata._ZTV4Uart
                0x0000000000007694       0x34 /workspaces/Codespaces_Arduino_Bridge/build/sketches/demo_upload_validation/core/core.a(Uart.cpp.o)
                0x0000000000007694                vtable for Uart
 .rodata._ZN7arduino5Print7printlnEv.str1.1
                0x00000000000076c8        0x3 /workspaces/Codespaces_Arduino_Bridge/build/sketches/demo_upload_validation/core/core.a(Print.cpp.o)
 *fill*         0x00000000000076cb        0x1 
 .rodata._ZTV26DoubleBufferedEPOutHandler
                0x00000000000076cc       0x24 /workspaces/Codespaces_Arduino_Bridge/build/sketches/demo_upload_validation/core/core.a(USBCore.cpp.o)
                0x00000000000076cc                vtable for DoubleBufferedEPOutHandler
 .rodata._ZL14STRING_PRODUCT
                0x00000000000076f0        0xb /workspaces/Codespaces_Arduino_Bridge/build/sketches/demo_upload_validation/core/core.a(USBCore.cpp.o)
 *fill*         0x00000000000076fb        0x1 
 .rodata._ZL15STRING_LANGUAGE
                0x00000000000076fc        0x4 /workspaces/Codespaces_Arduino_Bridge/build/sketches/demo_upload_validation/core/core.a(USBCore.cpp.o)
 .rodata._ZL19STRING_MANUFACTURER
                0x0000000000007700        0x8 /workspaces/Codespaces_Arduino_Bridge/build/sketches/demo_upload_validation/core/core.a(USBCore.cpp.o)
 .rodata._ZL21USB_DeviceDescriptorB
                0x0000000000007708       0x12 /workspaces/Codespaces_Arduino_Bridge/build/sketches/demo_upload_validation/core/core.a(USBCore.cpp.o)
 *fill*         0x000000000000771a        0x2 
 .rodata        0x000000000000771c        0x8 /workspaces/Codespaces_Arduino_Bridge/build/sketches/demo_upload_validation/core/core.a(CDC.cpp.o)
 .rodata._ZTV7Serial_
                0x0000000000007724       0x60 /workspaces/Codespaces_Arduino_Bridge/build/sketches/demo_upload_validation/core/core.a(CDC.cpp.o)
                0x0000000000007724                vtable for Serial_
 *(.eh_frame*)
 .eh_frame      0x0000000000007784        0x0 /home/node/.arduino15/packages/arduino/tools/arm-none-eabi-gcc/7-2017q4/bin/../lib/gcc/arm-none-eabi/7.2.1/thumb/v6-m/crtbegin.o
 .eh_frame      0x0000000000007784        0x4 /home/node/.arduino15/packages/arduino/tools/arm-none-eabi-gcc/7-2017q4/bin/../lib/gcc/arm-none-eabi/7.2.1/thumb/v6-m/crtend.o

.glue_7         0x0000000000007788        0x0
 .glue_7        0x0000000000007788        0x0 linker stubs

.glue_7t        0x0000000000007788        0x0
 .glue_7t       0x0000000000007788        0x0 linker stubs

.vfp11_veneer   0x0000000000007788        0x0
 .vfp11_veneer  0x0000000000007788        0x0 linker stubs

.v4_bx          0x0000000000007788        0x0
 .v4_bx         0x0000000000007788        0x0 linker stubs

.iplt           0x0000000000007788        0x0
 .iplt          0x0000000000007788        0x0 /home/node/.arduino15/packages/arduino/tools/arm-none-eabi-gcc/7-2017q4/bin/../lib/gcc/arm-none-eabi/7.2.1/thumb/v6-m/crtbegin.o

.rel.dyn        0x0000000000007788        0x0
 .rel.iplt      0x0000000000007788        0x0 /home/node/.arduino15/packages/arduino/tools/arm-none-eabi-gcc/7-2017q4/bin/../lib/gcc/arm-none-eabi/7.2.1/thumb/v6-m/crtbegin.o

.ARM.extab
 *(.ARM.extab* .gnu.linkonce.armextab.*)
                0x0000000000007788                __exidx_start = .

.ARM.exidx
 *(.ARM.exidx* .gnu.linkonce.armexidx.*)
                0x0000000000007788                __exidx_end = .
                0x0000000000007788                __etext = .

.data           0x0000000020000000       0x8c load address 0x0000000000007788
                0x0000000020000000                __data_start__ = .
 *(vtable)
 *(.data*)
 .data.SystemCoreClock
                0x0000000020000000        0x4 /workspaces/Codespaces_Arduino_Bridge/build/sketches/demo_upload_validation/core/core.a(wiring.c.o)
                0x0000000020000000                SystemCoreClock
 .data._ZL5ticks
                0x0000000020000004        0x4 /workspaces/Codespaces_Arduino_Bridge/build/sketches/demo_upload_validation/core/core.a(Reset.cpp.o)
 .data._ZL10breakValue
                0x0000000020000008        0x4 /workspaces/Codespaces_Arduino_Bridge/build/sketches/demo_upload_validation/core/core.a(CDC.cpp.o)
 .data._serialPeek
                0x000000002000000c        0x4 /workspaces/Codespaces_Arduino_Bridge/build/sketches/demo_upload_validation/core/core.a(CDC.cpp.o)
                0x000000002000000c                _serialPeek
 .data._impure_ptr
                0x0000000020000010        0x4 /home/node/.arduino15/packages/arduino/tools/arm-none-eabi-gcc/7-2017q4/bin/../lib/gcc/arm-none-eabi/7.2.1/../../../../arm-none-eabi/lib/thumb/v6-m/libc_nano.a(lib_a-impure.o)
                0x0000000020000010                _impure_ptr
 .data.impure_data
                0x0000000020000014       0x60 /home/node/.arduino15/packages/arduino/tools/arm-none-eabi-gcc/7-2017q4/bin/../lib/gcc/arm-none-eabi/7.2.1/../../../../arm-none-eabi/lib/thumb/v6-m/libc_nano.a(lib_a-impure.o)
                0x0000000020000074                . = ALIGN (0x4)
                0x0000000020000074                PROVIDE (__preinit_array_start, .)
 *(.preinit_array)
                0x0000000020000074                PROVIDE (__preinit_array_end, .)
                0x0000000020000074                . = ALIGN (0x4)
                0x0000000020000074                PROVIDE (__init_array_start, .)
 *(SORT_BY_NAME(.init_array.*))
 *(.init_array)
 .init_array    0x0000000020000074        0x4 /home/node/.arduino15/packages/arduino/tools/arm-none-eabi-gcc/7-2017q4/bin/../lib/gcc/arm-none-eabi/7.2.1/thumb/v6-m/crtbegin.o
 .init_array    0x0000000020000078        0x4 /workspaces/Codespaces_Arduino_Bridge/build/sketches/demo_upload_validation/sketch/demo_upload_validation.ino.cpp.o
 .init_array    0x000000002000007c        0x4 /workspaces/Codespaces_Arduino_Bridge/build/sketches/demo_upload_validation/core/variant.cpp.o
 .init_array    0x0000000020000080        0x4 /workspaces/Codespaces_Arduino_Bridge/build/sketches/demo_upload_validation/core/core.a(USBCore.cpp.o)
 .init_array    0x0000000020000084        0x4 /workspaces/Codespaces_Arduino_Bridge/build/sketches/demo_upload_validation/core/core.a(CDC.cpp.o)
                0x0000000020000088                PROVIDE (__init_array_end, .)
                0x0000000020000088                . = ALIGN (0x4)
                [!provide]                        PROVIDE (__fini_array_start, .)
 *(SORT_BY_NAME(.fini_array.*))
 *(.fini_array)
 .fini_array    0x0000000020000088        0x4 /home/node/.arduino15/packages/arduino/tools/arm-none-eabi-gcc/7-2017q4/bin/../lib/gcc/arm-none-eabi/7.2.1/thumb/v6-m/crtbegin.o
                [!provide]                        PROVIDE (__fini_array_end, .)
 *(.jcr*)
                0x000000002000008c                . = ALIGN (0x4)
                0x000000002000008c                __data_end__ = .

.igot.plt       0x000000002000008c        0x0 load address 0x0000000000007814
 .igot.plt      0x000000002000008c        0x0 /home/node/.arduino15/packages/arduino/tools/arm-none-eabi-gcc/7-2017q4/bin/../lib/gcc/arm-none-eabi/7.2.1/thumb/v6-m/crtbegin.o

.bss            0x000000002000008c      0xb8c load address 0x0000000000007814
                0x000000002000008c                . = ALIGN (0x4)
                0x000000002000008c                __bss_start__ = .
 *(.bss*)
 .bss           0x000000002000008c       0x1c /home/node/.arduino15/packages/arduino/tools/arm-none-eabi-gcc/7-2017q4/bin/../lib/gcc/arm-none-eabi/7.2.1/thumb/v6-m/crtbegin.o
 .bss.lastHeartbeat
                0x00000000200000a8        0x4 /workspaces/Codespaces_Arduino_Bridge/build/sketches/demo_upload_validation/sketch/demo_upload_validation.ino.cpp.o
                0x00000000200000a8                lastHeartbeat
 .bss.loopCount
                0x00000000200000ac        0x4 /workspaces/Codespaces_Arduino_Bridge/build/sketches/demo_upload_validation/sketch/demo_upload_validation.ino.cpp.o
                0x00000000200000ac                loopCount
 .bss.testServo
                0x00000000200000b0        0x3 /workspaces/Codespaces_Arduino_Bridge/build/sketches/demo_upload_validation/sketch/demo_upload_validation.ino.cpp.o
                0x00000000200000b0                testServo
 .bss.ServoCount
                0x00000000200000b3        0x1 /workspaces/Codespaces_Arduino_Bridge/build/sketches/demo_upload_validation/libraries/Servo/samd/Servo.cpp.o
                0x00000000200000b3                ServoCount
 .bss._ZL17currentServoIndex
                0x00000000200000b4        0x1 /workspaces/Codespaces_Arduino_Bridge/build/sketches/demo_upload_validation/libraries/Servo/samd/Servo.cpp.o
 *fill*         0x00000000200000b5        0x3 
 .bss._ZL6servos
                0x00000000200000b8       0x60 /workspaces/Codespaces_Arduino_Bridge/build/sketches/demo_upload_validation/libraries/Servo/samd/Servo.cpp.o
 .bss.Serial    0x0000000020000118      0x244 /workspaces/Codespaces_Arduino_Bridge/build/sketches/demo_upload_validation/core/variant.cpp.o
                0x0000000020000118                Serial
 .bss.Serial1   0x000000002000035c      0x244 /workspaces/Codespaces_Arduino_Bridge/build/sketches/demo_upload_validation/core/variant.cpp.o
                0x000000002000035c                Serial1
 .bss.sercom0   0x00000000200005a0        0x8 /workspaces/Codespaces_Arduino_Bridge/build/sketches/demo_upload_validation/core/variant.cpp.o
                0x00000000200005a0                sercom0
 .bss.sercom1   0x00000000200005a8        0x8 /workspaces/Codespaces_Arduino_Bridge/build/sketches/demo_upload_validation/core/variant.cpp.o
                0x00000000200005a8                sercom1
 .bss.sercom2   0x00000000200005b0        0x8 /workspaces/Codespaces_Arduino_Bridge/build/sketches/demo_upload_validation/core/variant.cpp.o
                0x00000000200005b0                sercom2
 .bss.sercom3   0x00000000200005b8        0x8 /workspaces/Codespaces_Arduino_Bridge/build/sketches/demo_upload_validation/core/variant.cpp.o
                0x00000000200005b8                sercom3
 .bss.sercom4   0x00000000200005c0        0x8 /workspaces/Codespaces_Arduino_Bridge/build/sketches/demo_upload_validation/core/variant.cpp.o
                0x00000000200005c0                sercom4
 .bss.sercom5   0x00000000200005c8        0x8 /workspaces/Codespaces_Arduino_Bridge/build/sketches/demo_upload_validation/core/variant.cpp.o
                0x00000000200005c8                sercom5
 .bss.usb_isr   0x00000000200005d0        0x4 /workspaces/Codespaces_Arduino_Bridge/build/sketches/demo_upload_validation/core/core.a(cortex_handlers.c.o)
 .bss._ulTickCount
                0x00000000200005d4        0x4 /workspaces/Codespaces_Arduino_Bridge/build/sketches/demo_upload_validation/core/core.a(delay.c.o)
 .bss.EndPoints
                0x00000000200005d8       0x28 /workspaces/Codespaces_Arduino_Bridge/build/sketches/demo_upload_validation/core/core.a(USBCore.cpp.o)
                0x00000000200005d8                EndPoints
 .bss.USBDevice
                0x0000000020000600        0x1 /workspaces/Codespaces_Arduino_Bridge/build/sketches/demo_upload_validation/core/core.a(USBCore.cpp.o)
                0x0000000020000600                USBDevice
 *fill*         0x0000000020000601        0x3 
 .bss._ZL10epHandlers
                0x0000000020000604       0x1c /workspaces/Codespaces_Arduino_Bridge/build/sketches/demo_upload_validation/core/core.a(USBCore.cpp.o)
 .bss._ZL10rxLEDPulse
                0x0000000020000620        0x1 /workspaces/Codespaces_Arduino_Bridge/build/sketches/demo_upload_validation/core/core.a(USBCore.cpp.o)
 .bss._ZL10txLEDPulse
                0x0000000020000621        0x1 /workspaces/Codespaces_Arduino_Bridge/build/sketches/demo_upload_validation/core/core.a(USBCore.cpp.o)
 .bss._ZL14isEndpointHalt
                0x0000000020000622        0x1 /workspaces/Codespaces_Arduino_Bridge/build/sketches/demo_upload_validation/core/core.a(USBCore.cpp.o)
 .bss._ZL20LastTransmitTimedOut
                0x0000000020000623        0x7 /workspaces/Codespaces_Arduino_Bridge/build/sketches/demo_upload_validation/core/core.a(USBCore.cpp.o)
 .bss._ZL21isRemoteWakeUpEnabled
                0x000000002000062a        0x1 /workspaces/Codespaces_Arduino_Bridge/build/sketches/demo_upload_validation/core/core.a(USBCore.cpp.o)
 *fill*         0x000000002000062b        0x1 
 .bss._ZL22udd_ep_in_cache_buffer
                0x000000002000062c      0x1c0 /workspaces/Codespaces_Arduino_Bridge/build/sketches/demo_upload_validation/core/core.a(USBCore.cpp.o)
 .bss._ZL23udd_ep_out_cache_buffer
                0x00000000200007ec      0x1c0 /workspaces/Codespaces_Arduino_Bridge/build/sketches/demo_upload_validation/core/core.a(USBCore.cpp.o)
 .bss._dry_run  0x00000000200009ac        0x1 /workspaces/Codespaces_Arduino_Bridge/build/sketches/demo_upload_validation/core/core.a(USBCore.cpp.o)
                0x00000000200009ac                _dry_run
 .bss._pack_buffer
                0x00000000200009ad      0x100 /workspaces/Codespaces_Arduino_Bridge/build/sketches/demo_upload_validation/core/core.a(USBCore.cpp.o)
                0x00000000200009ad                _pack_buffer
 .bss._pack_message
                0x0000000020000aad        0x1 /workspaces/Codespaces_Arduino_Bridge/build/sketches/demo_upload_validation/core/core.a(USBCore.cpp.o)
                0x0000000020000aad                _pack_message
 .bss._pack_size
                0x0000000020000aae        0x2 /workspaces/Codespaces_Arduino_Bridge/build/sketches/demo_upload_validation/core/core.a(USBCore.cpp.o)
                0x0000000020000aae                _pack_size
 .bss._usbConfiguration
                0x0000000020000ab0        0x4 /workspaces/Codespaces_Arduino_Bridge/build/sketches/demo_upload_validation/core/core.a(USBCore.cpp.o)
                0x0000000020000ab0                _usbConfiguration
 .bss._usbSetInterface
                0x0000000020000ab4        0x4 /workspaces/Codespaces_Arduino_Bridge/build/sketches/demo_upload_validation/core/core.a(USBCore.cpp.o)
                0x0000000020000ab4                _usbSetInterface
 .bss.usbd      0x0000000020000ab8      0x104 /workspaces/Codespaces_Arduino_Bridge/build/sketches/demo_upload_validation/core/core.a(USBCore.cpp.o)
                0x0000000020000ab8                usbd
 .bss._ZGVZ12PluggableUSBvE3obj
                0x0000000020000bbc        0x4 /workspaces/Codespaces_Arduino_Bridge/build/sketches/demo_upload_validation/core/core.a(PluggableUSB.cpp.o)
 .bss._ZZ12PluggableUSBvE3obj
                0x0000000020000bc0        0xc /workspaces/Codespaces_Arduino_Bridge/build/sketches/demo_upload_validation/core/core.a(PluggableUSB.cpp.o)
 .bss.SerialUSB
                0x0000000020000bcc       0x3c /workspaces/Codespaces_Arduino_Bridge/build/sketches/demo_upload_validation/core/core.a(CDC.cpp.o)
                0x0000000020000bcc                SerialUSB
 .bss.__malloc_free_list
                0x0000000020000c08        0x4 /home/node/.arduino15/packages/arduino/tools/arm-none-eabi-gcc/7-2017q4/bin/../lib/gcc/arm-none-eabi/7.2.1/../../../../arm-none-eabi/lib/thumb/v6-m/libc_nano.a(lib_a-nano-mallocr.o)
                0x0000000020000c08                __malloc_free_list
 .bss.__malloc_sbrk_start
                0x0000000020000c0c        0x4 /home/node/.arduino15/packages/arduino/tools/arm-none-eabi-gcc/7-2017q4/bin/../lib/gcc/arm-none-eabi/7.2.1/../../../../arm-none-eabi/lib/thumb/v6-m/libc_nano.a(lib_a-nano-mallocr.o)
                0x0000000020000c0c                __malloc_sbrk_start
 .bss.heap_end.4102
                0x0000000020000c10        0x4 /home/node/.arduino15/packages/arduino/tools/arm-none-eabi-gcc/7-2017q4/bin/../lib/gcc/arm-none-eabi/7.2.1/../../../../arm-none-eabi/lib/thumb/v6-m/libnosys.a(sbrk.o)
 *(COMMON)
 COMMON         0x0000000020000c14        0x4 /home/node/.arduino15/packages/arduino/tools/arm-none-eabi-gcc/7-2017q4/bin/../lib/gcc/arm-none-eabi/7.2.1/../../../../arm-none-eabi/lib/thumb/v6-m/libc_nano.a(lib_a-reent.o)
                0x0000000020000c14                errno
                0x0000000020000c18                . = ALIGN (0x4)
                0x0000000020000c18                __bss_end__ = .

.heap           0x0000000020000c18        0x0
                0x0000000020000c18                __end__ = .
                0x0000000020000c18                PROVIDE (end, .)
 *(.heap*)
                0x0000000020000c18                __HeapLimit = .

.stack_dummy    0x0000000020000c18        0x0
 *(.stack*)
                0x0000000020008000                __StackTop = (ORIGIN (RAM) + LENGTH (RAM))
                0x0000000020008000                __StackLimit = (__StackTop - SIZEOF (.stack_dummy))
                0x0000000020008000                PROVIDE (__stack, __StackTop)
                0x0000000020007fff                __ram_end__ = ((ORIGIN (RAM) + LENGTH (RAM)) - 0x1)
                0x0000000000000001                ASSERT ((__StackLimit >= __HeapLimit), region RAM overflowed with stack)
OUTPUT(/workspaces/Codespaces_Arduino_Bridge/build/sketches/demo_upload_validation/demo_upload_validation.ino.elf elf32-littlearm)

.ARM.attributes
                0x0000000000000000       0x28
 .ARM.attributes
                0x0000000000000000       0x1e /home/node/.arduino15/packages/arduino/tools/arm-none-eabi-gcc/7-2017q4/bin/../lib/gcc/arm-none-eabi/7.2.1/thumb/v6-m/crti.o
 .ARM.attributes
                0x000000000000001e       0x2c /home/node/.arduino15/packages/arduino/tools/arm-none-eabi-gcc/7-2017q4/bin/../lib/gcc/arm-none-eabi/7.2.1/thumb/v6-m/crtbegin.o
 .ARM.attributes
                0x000000000000004a       0x32 /workspaces/Codespaces_Arduino_Bridge/build/sketches/demo_upload_validation/sketch/demo_upload_validation.ino.cpp.o
 .ARM.attributes
                0x000000000000007c       0x32 /workspaces/Codespaces_Arduino_Bridge/build/sketches/demo_upload_validation/libraries/Servo/samd/Servo.cpp.o
 .ARM.attributes
                0x00000000000000ae       0x32 /workspaces/Codespaces_Arduino_Bridge/build/sketches/demo_upload_validation/core/variant.cpp.o
 .ARM.attributes
                0x00000000000000e0       0x32 /workspaces/Codespaces_Arduino_Bridge/build/sketches/demo_upload_validation/core/core.a(SERCOM.cpp.o)
 .ARM.attributes
                0x0000000000000112       0x32 /workspaces/Codespaces_Arduino_Bridge/build/sketches/demo_upload_validation/core/core.a(Uart.cpp.o)
 .ARM.attributes
                0x0000000000000144       0x32 /workspaces/Codespaces_Arduino_Bridge/build/sketches/demo_upload_validation/core/core.a(Common.cpp.o)
 .ARM.attributes
                0x0000000000000176       0x32 /workspaces/Codespaces_Arduino_Bridge/build/sketches/demo_upload_validation/core/core.a(Print.cpp.o)
 .ARM.attributes
                0x00000000000001a8       0x32 /workspaces/Codespaces_Arduino_Bridge/build/sketches/demo_upload_validation/core/core.a(cortex_handlers.c.o)
 .ARM.attributes
                0x00000000000001da       0x32 /workspaces/Codespaces_Arduino_Bridge/build/sketches/demo_upload_validation/core/core.a(delay.c.o)
 .ARM.attributes
                0x000000000000020c       0x32 /workspaces/Codespaces_Arduino_Bridge/build/sketches/demo_upload_validation/core/core.a(hooks.c.o)
 .ARM.attributes
                0x000000000000023e       0x32 /workspaces/Codespaces_Arduino_Bridge/build/sketches/demo_upload_validation/core/core.a(main.cpp.o)
 .ARM.attributes
                0x0000000000000270       0x32 /workspaces/Codespaces_Arduino_Bridge/build/sketches/demo_upload_validation/core/core.a(startup.c.o)
 .ARM.attributes
                0x00000000000002a2       0x32 /workspaces/Codespaces_Arduino_Bridge/build/sketches/demo_upload_validation/core/core.a(wiring.c.o)
 .ARM.attributes
                0x00000000000002d4       0x32 /workspaces/Codespaces_Arduino_Bridge/build/sketches/demo_upload_validation/core/core.a(wiring_analog.c.o)
 .ARM.attributes
                0x0000000000000306       0x32 /workspaces/Codespaces_Arduino_Bridge/build/sketches/demo_upload_validation/core/core.a(wiring_digital.c.o)
 .ARM.attributes
                0x0000000000000338       0x32 /workspaces/Codespaces_Arduino_Bridge/build/sketches/demo_upload_validation/core/core.a(wiring_private.c.o)
 .ARM.attributes
                0x000000000000036a       0x32 /workspaces/Codespaces_Arduino_Bridge/build/sketches/demo_upload_validation/core/core.a(Reset.cpp.o)
 .ARM.attributes
                0x000000000000039c       0x32 /workspaces/Codespaces_Arduino_Bridge/build/sketches/demo_upload_validation/core/core.a(USBCore.cpp.o)
 .ARM.attributes
                0x00000000000003ce       0x32 /workspaces/Codespaces_Arduino_Bridge/build/sketches/demo_upload_validation/core/core.a(PluggableUSB.cpp.o)
 .ARM.attributes
                0x0000000000000400       0x32 /workspaces/Codespaces_Arduino_Bridge/build/sketches/demo_upload_validation/core/core.a(new.cpp.o)
 .ARM.attributes
                0x0000000000000432       0x32 /workspaces/Codespaces_Arduino_Bridge/build/sketches/demo_upload_validation/core/core.a(CDC.cpp.o)
 .ARM.attributes
                0x0000000000000464       0x1e /home/node/.arduino15/packages/arduino/tools/arm-none-eabi-gcc/7-2017q4/bin/../lib/gcc/arm-none-eabi/7.2.1/thumb/v6-m/libgcc.a(_thumb1_case_uqi.o)
 .ARM.attributes
                0x0000000000000482       0x1e /home/node/.arduino15/packages/arduino/tools/arm-none-eabi-gcc/7-2017q4/bin/../lib/gcc/arm-none-eabi/7.2.1/thumb/v6-m/libgcc.a(_udivsi3.o)
 .ARM.attributes
                0x00000000000004a0       0x1e /home/node/.arduino15/packages/arduino/tools/arm-none-eabi-gcc/7-2017q4/bin/../lib/gcc/arm-none-eabi/7.2.1/thumb/v6-m/libgcc.a(_divsi3.o)
 .ARM.attributes
                0x00000000000004be       0x1e /home/node/.arduino15/packages/arduino/tools/arm-none-eabi-gcc/7-2017q4/bin/../lib/gcc/arm-none-eabi/7.2.1/thumb/v6-m/libgcc.a(_dvmd_tls.o)
 .ARM.attributes
                0x00000000000004dc       0x2c /home/node/.arduino15/packages/arduino/tools/arm-none-eabi-gcc/7-2017q4/bin/../lib/gcc/arm-none-eabi/7.2.1/../../../../arm-none-eabi/lib/thumb/v6-m/libc_nano.a(lib_a-impure.o)
 .ARM.attributes
                0x0000000000000508       0x2c /home/node/.arduino15/packages/arduino/tools/arm-none-eabi-gcc/7-2017q4/bin/../lib/gcc/arm-none-eabi/7.2.1/../../../../arm-none-eabi/lib/thumb/v6-m/libc_nano.a(lib_a-init.o)
 .ARM.attributes
                0x0000000000000534       0x2c /home/node/.arduino15/packages/arduino/tools/arm-none-eabi-gcc/7-2017q4/bin/../lib/gcc/arm-none-eabi/7.2.1/../../../../arm-none-eabi/lib/thumb/v6-m/libc_nano.a(lib_a-malloc.o)
 .ARM.attributes
                0x0000000000000560       0x2c /home/node/.arduino15/packages/arduino/tools/arm-none-eabi-gcc/7-2017q4/bin/../lib/gcc/arm-none-eabi/7.2.1/../../../../arm-none-eabi/lib/thumb/v6-m/libc_nano.a(lib_a-memcpy-stub.o)
 .ARM.attributes
                0x000000000000058c       0x2c /home/node/.arduino15/packages/arduino/tools/arm-none-eabi-gcc/7-2017q4/bin/../lib/gcc/arm-none-eabi/7.2.1/../../../../arm-none-eabi/lib/thumb/v6-m/libc_nano.a(lib_a-memset.o)
 .ARM.attributes
                0x00000000000005b8       0x2c /home/node/.arduino15/packages/arduino/tools/arm-none-eabi-gcc/7-2017q4/bin/../lib/gcc/arm-none-eabi/7.2.1/../../../../arm-none-eabi/lib/thumb/v6-m/libc_nano.a(lib_a-nano-freer.o)
 .ARM.attributes
                0x00000000000005e4       0x2c /home/node/.arduino15/packages/arduino/tools/arm-none-eabi-gcc/7-2017q4/bin/../lib/gcc/arm-none-eabi/7.2.1/../../../../arm-none-eabi/lib/thumb/v6-m/libc_nano.a(lib_a-nano-mallocr.o)
 .ARM.attributes
                0x0000000000000610       0x2c /home/node/.arduino15/packages/arduino/tools/arm-none-eabi-gcc/7-2017q4/bin/../lib/gcc/arm-none-eabi/7.2.1/../../../../arm-none-eabi/lib/thumb/v6-m/libc_nano.a(lib_a-sbrkr.o)
 .ARM.attributes
                0x000000000000063c       0x1c /home/node/.arduino15/packages/arduino/tools/arm-none-eabi-gcc/7-2017q4/bin/../lib/gcc/arm-none-eabi/7.2.1/../../../../arm-none-eabi/lib/thumb/v6-m/libc_nano.a(lib_a-strlen.o)
 .ARM.attributes
                0x0000000000000658       0x2c /home/node/.arduino15/packages/arduino/tools/arm-none-eabi-gcc/7-2017q4/bin/../lib/gcc/arm-none-eabi/7.2.1/../../../../arm-none-eabi/lib/thumb/v6-m/libc_nano.a(lib_a-mlock.o)
 .ARM.attributes
                0x0000000000000684       0x2c /home/node/.arduino15/packages/arduino/tools/arm-none-eabi-gcc/7-2017q4/bin/../lib/gcc/arm-none-eabi/7.2.1/../../../../arm-none-eabi/lib/thumb/v6-m/libc_nano.a(lib_a-reent.o)
 .ARM.attributes
                0x00000000000006b0       0x2c /home/node/.arduino15/packages/arduino/tools/arm-none-eabi-gcc/7-2017q4/bin/../lib/gcc/arm-none-eabi/7.2.1/../../../../arm-none-eabi/lib/thumb/v6-m/libnosys.a(sbrk.o)
 .ARM.attributes
                0x00000000000006dc       0x2c /home/node/.arduino15/packages/arduino/tools/arm-none-eabi-gcc/7-2017q4/bin/../lib/gcc/arm-none-eabi/7.2.1/thumb/v6-m/crtend.o
 .ARM.attributes
                0x0000000000000708       0x1e /home/node/.arduino15/packages/arduino/tools/arm-none-eabi-gcc/7-2017q4/bin/../lib/gcc/arm-none-eabi/7.2.1/thumb/v6-m/crtn.o

.comment        0x0000000000000000       0x7e
 .comment       0x0000000000000000       0x7e /workspaces/Codespaces_Arduino_Bridge/build/sketches/demo_upload_validation/sketch/demo_upload_validation.ino.cpp.o
                                         0x7f (size before relaxing)
 .comment       0x000000000000007e       0x7f /workspaces/Codespaces_Arduino_Bridge/build/sketches/demo_upload_validation/libraries/Servo/samd/Servo.cpp.o
 .comment       0x000000000000007e       0x7f /workspaces/Codespaces_Arduino_Bridge/build/sketches/demo_upload_validation/core/variant.cpp.o
 .comment       0x000000000000007e       0x7f /workspaces/Codespaces_Arduino_Bridge/build/sketches/demo_upload_validation/core/core.a(SERCOM.cpp.o)
 .comment       0x000000000000007e       0x7f /workspaces/Codespaces_Arduino_Bridge/build/sketches/demo_upload_validation/core/core.a(Uart.cpp.o)
 .comment       0x000000000000007e       0x7f /workspaces/Codespaces_Arduino_Bridge/build/sketches/demo_upload_validation/core/core.a(Common.cpp.o)
 .comment       0x000000000000007e       0x7f /workspaces/Codespaces_Arduino_Bridge/build/sketches/demo_upload_validation/core/core.a(Print.cpp.o)
 .comment       0x000000000000007e       0x7f /workspaces/Codespaces_Arduino_Bridge/build/sketches/demo_upload_validation/core/core.a(cortex_handlers.c.o)
 .comment       0x000000000000007e       0x7f /workspaces/Codespaces_Arduino_Bridge/build/sketches/demo_upload_validation/core/core.a(delay.c.o)
 .comment       0x000000000000007e       0x7f /workspaces/Codespaces_Arduino_Bridge/build/sketches/demo_upload_validation/core/core.a(hooks.c.o)
 .comment       0x000000000000007e       0x7f /workspaces/Codespaces_Arduino_Bridge/build/sketches/demo_upload_validation/core/core.a(main.cpp.o)
 .comment       0x000000000000007e       0x7f /workspaces/Codespaces_Arduino_Bridge/build/sketches/demo_upload_validation/core/core.a(startup.c.o)
 .comment       0x000000000000007e       0x7f /workspaces/Codespaces_Arduino_Bridge/build/sketches/demo_upload_validation/core/core.a(wiring.c.o)
 .comment       0x000000000000007e       0x7f /workspaces/Codespaces_Arduino_Bridge/build/sketches/demo_upload_validation/core/core.a(wiring_analog.c.o)
 .comment       0x000000000000007e       0x7f /workspaces/Codespaces_Arduino_Bridge/build/sketches/demo_upload_validation/core/core.a(wiring_digital.c.o)
 .comment       0x000000000000007e       0x7f /workspaces/Codespaces_Arduino_Bridge/build/sketches/demo_upload_validation/core/core.a(wiring_private.c.o)
 .comment       0x000000000000007e       0x7f /workspaces/Codespaces_Arduino_Bridge/build/sketches/demo_upload_validation/core/core.a(Reset.cpp.o)
 .comment       0x000000000000007e       0x7f /workspaces/Codespaces_Arduino_Bridge/build/sketches/demo_upload_validation/core/core.a(USBCore.cpp.o)
 .comment       0x000000000000007e       0x7f /workspaces/Codespaces_Arduino_Bridge/build/sketches/demo_upload_validation/core/core.a(PluggableUSB.cpp.o)
 .comment       0x000000000000007e       0x7f /workspaces/Codespaces_Arduino_Bridge/build/sketches/demo_upload_validation/core/core.a(new.cpp.o)
 .comment       0x000000000000007e       0x7f /workspaces/Codespaces_Arduino_Bridge/build/sketches/demo_upload_validation/core/core.a(CDC.cpp.o)

.debug_info     0x0000000000000000    0x5d0ad
 .debug_info    0x0000000000000000     0x64c9 /workspaces/Codespaces_Arduino_Bridge/build/sketches/demo_upload_validation/sketch/demo_upload_validation.ino.cpp.o
 .debug_info    0x00000000000064c9     0x75e4 /workspaces/Codespaces_Arduino_Bridge/build/sketches/demo_upload_validation/libraries/Servo/samd/Servo.cpp.o
 .debug_info    0x000000000000daad     0x767c /workspaces/Codespaces_Arduino_Bridge/build/sketches/demo_upload_validation/core/variant.cpp.o
 .debug_info    0x0000000000015129     0x7156 /workspaces/Codespaces_Arduino_Bridge/build/sketches/demo_upload_validation/core/core.a(SERCOM.cpp.o)
 .debug_info    0x000000000001c27f     0x7dde /workspaces/Codespaces_Arduino_Bridge/build/sketches/demo_upload_validation/core/core.a(Uart.cpp.o)
 .debug_info    0x000000000002405d      0x160 /workspaces/Codespaces_Arduino_Bridge/build/sketches/demo_upload_validation/core/core.a(Common.cpp.o)
 .debug_info    0x00000000000241bd     0x410f /workspaces/Codespaces_Arduino_Bridge/build/sketches/demo_upload_validation/core/core.a(Print.cpp.o)
 .debug_info    0x00000000000282cc     0x10c6 /workspaces/Codespaces_Arduino_Bridge/build/sketches/demo_upload_validation/core/core.a(cortex_handlers.c.o)
 .debug_info    0x0000000000029392     0x138c /workspaces/Codespaces_Arduino_Bridge/build/sketches/demo_upload_validation/core/core.a(delay.c.o)
 .debug_info    0x000000000002a71e       0x64 /workspaces/Codespaces_Arduino_Bridge/build/sketches/demo_upload_validation/core/core.a(hooks.c.o)
 .debug_info    0x000000000002a782     0x5c7f /workspaces/Codespaces_Arduino_Bridge/build/sketches/demo_upload_validation/core/core.a(main.cpp.o)
 .debug_info    0x0000000000030401     0x3488 /workspaces/Codespaces_Arduino_Bridge/build/sketches/demo_upload_validation/core/core.a(startup.c.o)
 .debug_info    0x0000000000033889     0x2d5a /workspaces/Codespaces_Arduino_Bridge/build/sketches/demo_upload_validation/core/core.a(wiring.c.o)
 .debug_info    0x00000000000365e3     0x4f23 /workspaces/Codespaces_Arduino_Bridge/build/sketches/demo_upload_validation/core/core.a(wiring_analog.c.o)
 .debug_info    0x000000000003b506     0x182d /workspaces/Codespaces_Arduino_Bridge/build/sketches/demo_upload_validation/core/core.a(wiring_digital.c.o)
 .debug_info    0x000000000003cd33     0x17b7 /workspaces/Codespaces_Arduino_Bridge/build/sketches/demo_upload_validation/core/core.a(wiring_private.c.o)
 .debug_info    0x000000000003e4ea     0x6245 /workspaces/Codespaces_Arduino_Bridge/build/sketches/demo_upload_validation/core/core.a(Reset.cpp.o)
 .debug_info    0x000000000004472f     0xda58 /workspaces/Codespaces_Arduino_Bridge/build/sketches/demo_upload_validation/core/core.a(USBCore.cpp.o)
 .debug_info    0x0000000000052187      0x686 /workspaces/Codespaces_Arduino_Bridge/build/sketches/demo_upload_validation/core/core.a(PluggableUSB.cpp.o)
 .debug_info    0x000000000005280d      0xf3b /workspaces/Codespaces_Arduino_Bridge/build/sketches/demo_upload_validation/core/core.a(new.cpp.o)
 .debug_info    0x0000000000053748     0x9965 /workspaces/Codespaces_Arduino_Bridge/build/sketches/demo_upload_validation/core/core.a(CDC.cpp.o)

.debug_abbrev   0x0000000000000000     0x6edc
 .debug_abbrev  0x0000000000000000      0x6e6 /workspaces/Codespaces_Arduino_Bridge/build/sketches/demo_upload_validation/sketch/demo_upload_validation.ino.cpp.o
 .debug_abbrev  0x00000000000006e6      0x855 /workspaces/Codespaces_Arduino_Bridge/build/sketches/demo_upload_validation/libraries/Servo/samd/Servo.cpp.o
 .debug_abbrev  0x0000000000000f3b      0x60c /workspaces/Codespaces_Arduino_Bridge/build/sketches/demo_upload_validation/core/variant.cpp.o
 .debug_abbrev  0x0000000000001547      0x836 /workspaces/Codespaces_Arduino_Bridge/build/sketches/demo_upload_validation/core/core.a(SERCOM.cpp.o)
 .debug_abbrev  0x0000000000001d7d      0x913 /workspaces/Codespaces_Arduino_Bridge/build/sketches/demo_upload_validation/core/core.a(Uart.cpp.o)
 .debug_abbrev  0x0000000000002690       0xa9 /workspaces/Codespaces_Arduino_Bridge/build/sketches/demo_upload_validation/core/core.a(Common.cpp.o)
 .debug_abbrev  0x0000000000002739      0x72a /workspaces/Codespaces_Arduino_Bridge/build/sketches/demo_upload_validation/core/core.a(Print.cpp.o)
 .debug_abbrev  0x0000000000002e63      0x29a /workspaces/Codespaces_Arduino_Bridge/build/sketches/demo_upload_validation/core/core.a(cortex_handlers.c.o)
 .debug_abbrev  0x00000000000030fd      0x33c /workspaces/Codespaces_Arduino_Bridge/build/sketches/demo_upload_validation/core/core.a(delay.c.o)
 .debug_abbrev  0x0000000000003439       0x49 /workspaces/Codespaces_Arduino_Bridge/build/sketches/demo_upload_validation/core/core.a(hooks.c.o)
 .debug_abbrev  0x0000000000003482      0x5dd /workspaces/Codespaces_Arduino_Bridge/build/sketches/demo_upload_validation/core/core.a(main.cpp.o)
 .debug_abbrev  0x0000000000003a5f      0x2ac /workspaces/Codespaces_Arduino_Bridge/build/sketches/demo_upload_validation/core/core.a(startup.c.o)
 .debug_abbrev  0x0000000000003d0b      0x3a1 /workspaces/Codespaces_Arduino_Bridge/build/sketches/demo_upload_validation/core/core.a(wiring.c.o)
 .debug_abbrev  0x00000000000040ac      0x487 /workspaces/Codespaces_Arduino_Bridge/build/sketches/demo_upload_validation/core/core.a(wiring_analog.c.o)
 .debug_abbrev  0x0000000000004533      0x339 /workspaces/Codespaces_Arduino_Bridge/build/sketches/demo_upload_validation/core/core.a(wiring_digital.c.o)
 .debug_abbrev  0x000000000000486c      0x303 /workspaces/Codespaces_Arduino_Bridge/build/sketches/demo_upload_validation/core/core.a(wiring_private.c.o)
 .debug_abbrev  0x0000000000004b6f      0x671 /workspaces/Codespaces_Arduino_Bridge/build/sketches/demo_upload_validation/core/core.a(Reset.cpp.o)
 .debug_abbrev  0x00000000000051e0      0xc85 /workspaces/Codespaces_Arduino_Bridge/build/sketches/demo_upload_validation/core/core.a(USBCore.cpp.o)
 .debug_abbrev  0x0000000000005e65      0x2b2 /workspaces/Codespaces_Arduino_Bridge/build/sketches/demo_upload_validation/core/core.a(PluggableUSB.cpp.o)
 .debug_abbrev  0x0000000000006117      0x301 /workspaces/Codespaces_Arduino_Bridge/build/sketches/demo_upload_validation/core/core.a(new.cpp.o)
 .debug_abbrev  0x0000000000006418      0xac4 /workspaces/Codespaces_Arduino_Bridge/build/sketches/demo_upload_validation/core/core.a(CDC.cpp.o)

.debug_loc      0x0000000000000000     0x7372
 .debug_loc     0x0000000000000000      0x11c /workspaces/Codespaces_Arduino_Bridge/build/sketches/demo_upload_validation/sketch/demo_upload_validation.ino.cpp.o
 .debug_loc     0x000000000000011c      0x53a /workspaces/Codespaces_Arduino_Bridge/build/sketches/demo_upload_validation/libraries/Servo/samd/Servo.cpp.o
 .debug_loc     0x0000000000000656       0x2a /workspaces/Codespaces_Arduino_Bridge/build/sketches/demo_upload_validation/core/variant.cpp.o
 .debug_loc     0x0000000000000680      0xb3f /workspaces/Codespaces_Arduino_Bridge/build/sketches/demo_upload_validation/core/core.a(SERCOM.cpp.o)
 .debug_loc     0x00000000000011bf      0xb0f /workspaces/Codespaces_Arduino_Bridge/build/sketches/demo_upload_validation/core/core.a(Uart.cpp.o)
 .debug_loc     0x0000000000001cce       0xb0 /workspaces/Codespaces_Arduino_Bridge/build/sketches/demo_upload_validation/core/core.a(Common.cpp.o)
 .debug_loc     0x0000000000001d7e     0x19e0 /workspaces/Codespaces_Arduino_Bridge/build/sketches/demo_upload_validation/core/core.a(Print.cpp.o)
 .debug_loc     0x000000000000375e       0x3c /workspaces/Codespaces_Arduino_Bridge/build/sketches/demo_upload_validation/core/core.a(cortex_handlers.c.o)
 .debug_loc     0x000000000000379a      0x12f /workspaces/Codespaces_Arduino_Bridge/build/sketches/demo_upload_validation/core/core.a(delay.c.o)
 .debug_loc     0x00000000000038c9       0x2e /workspaces/Codespaces_Arduino_Bridge/build/sketches/demo_upload_validation/core/core.a(startup.c.o)
 .debug_loc     0x00000000000038f7       0xa0 /workspaces/Codespaces_Arduino_Bridge/build/sketches/demo_upload_validation/core/core.a(wiring.c.o)
 .debug_loc     0x0000000000003997      0x4b9 /workspaces/Codespaces_Arduino_Bridge/build/sketches/demo_upload_validation/core/core.a(wiring_analog.c.o)
 .debug_loc     0x0000000000003e50       0xc0 /workspaces/Codespaces_Arduino_Bridge/build/sketches/demo_upload_validation/core/core.a(wiring_digital.c.o)
 .debug_loc     0x0000000000003f10      0x131 /workspaces/Codespaces_Arduino_Bridge/build/sketches/demo_upload_validation/core/core.a(wiring_private.c.o)
 .debug_loc     0x0000000000004041       0x2d /workspaces/Codespaces_Arduino_Bridge/build/sketches/demo_upload_validation/core/core.a(Reset.cpp.o)
 .debug_loc     0x000000000000406e     0x27b1 /workspaces/Codespaces_Arduino_Bridge/build/sketches/demo_upload_validation/core/core.a(USBCore.cpp.o)
 .debug_loc     0x000000000000681f      0x256 /workspaces/Codespaces_Arduino_Bridge/build/sketches/demo_upload_validation/core/core.a(PluggableUSB.cpp.o)
 .debug_loc     0x0000000000006a75       0x42 /workspaces/Codespaces_Arduino_Bridge/build/sketches/demo_upload_validation/core/core.a(new.cpp.o)
 .debug_loc     0x0000000000006ab7      0x8bb /workspaces/Codespaces_Arduino_Bridge/build/sketches/demo_upload_validation/core/core.a(CDC.cpp.o)

.debug_aranges  0x0000000000000000      0x9f8
 .debug_aranges
                0x0000000000000000       0x38 /workspaces/Codespaces_Arduino_Bridge/build/sketches/demo_upload_validation/sketch/demo_upload_validation.ino.cpp.o
 .debug_aranges
                0x0000000000000038       0x70 /workspaces/Codespaces_Arduino_Bridge/build/sketches/demo_upload_validation/libraries/Servo/samd/Servo.cpp.o
 .debug_aranges